2022-12-04T18:35:25.479757Z WARNING rsyslogd[704]: warning: ~ action is deprecated, consider using the 'stop' statement instead [v8.2102.0 try https://www.rsyslog.com/e/2307 ]
2022-12-04T18:35:25.479763Z INFO rsyslogd[704]: rsyslogd's groupid changed to 202
2022-12-04T18:35:25.479766Z INFO rsyslogd[704]: rsyslogd's userid changed to 202
2022-12-04T18:35:25.479770Z INFO rsyslogd[704]: [origin software="rsyslogd" swVersion="8.2102.0" x-pid="704" x-info="https://www.rsyslog.com"] start
2022-12-04T18:35:25.483671Z NOTICE kernel: [ 0.000000] Linux version 5.10.133-15812-gbb55053cbec3-dirty (builty@fydebeast) (Chromium OS 14.0_pre450784_p20220316-r5 clang version 14.0.0 (/var/tmp/portage/sys-devel/llvm-14.0_pre450784_p20220316-r5/work/llvm-14.0_pre450784_p20220316/clang 282c83c32384cb2f37030c28650fef4150a8b67c), LLD 14.0.0) #8 SMP PREEMPT Wed Oct 19 16:24:48 CST 2022
2022-12-04T18:35:25.483677Z INFO kernel: [ 0.000000] Command line: BOOT_IMAGE=(loopdev,gpt12)/syslinux/vmlinuz.A init=/sbin/init root=/dev/nvme0n1p3 boot=local rootwait noresume noswap ro loglevel=7 console= i915.modeset=1 cros_efi cros_debug fydeos_dualboot tpm_tis.force=0 i915.enable_guc=2 i915.enable_psr=0
2022-12-04T18:35:25.483679Z INFO kernel: [ 0.000000] KERNEL supported cpus:
2022-12-04T18:35:25.483679Z INFO kernel: [ 0.000000] Intel GenuineIntel
2022-12-04T18:35:25.483680Z INFO kernel: [ 0.000000] AMD AuthenticAMD
2022-12-04T18:35:25.483681Z INFO kernel: [ 0.000000] Hygon HygonGenuine
2022-12-04T18:35:25.483681Z INFO kernel: [ 0.000000] Centaur CentaurHauls
2022-12-04T18:35:25.483683Z INFO kernel: [ 0.000000] zhaoxin Shanghai
2022-12-04T18:35:25.483683Z INFO kernel: [ 0.000000] x86/fpu: Supporting XSAVE feature 0x001: 'x87 floating point registers'
2022-12-04T18:35:25.483684Z INFO kernel: [ 0.000000] x86/fpu: Supporting XSAVE feature 0x002: 'SSE registers'
2022-12-04T18:35:25.483685Z INFO kernel: [ 0.000000] x86/fpu: Supporting XSAVE feature 0x004: 'AVX registers'
2022-12-04T18:35:25.483685Z INFO kernel: [ 0.000000] x86/fpu: Supporting XSAVE feature 0x008: 'MPX bounds registers'
2022-12-04T18:35:25.483686Z INFO kernel: [ 0.000000] x86/fpu: Supporting XSAVE feature 0x010: 'MPX CSR'
2022-12-04T18:35:25.483688Z INFO kernel: [ 0.000000] x86/fpu: xstate_offset[2]: 576, xstate_sizes[2]: 256
2022-12-04T18:35:25.483688Z INFO kernel: [ 0.000000] x86/fpu: xstate_offset[3]: 832, xstate_sizes[3]: 64
2022-12-04T18:35:25.483689Z INFO kernel: [ 0.000000] x86/fpu: xstate_offset[4]: 896, xstate_sizes[4]: 64
2022-12-04T18:35:25.483690Z INFO kernel: [ 0.000000] x86/fpu: Enabled xstate features 0x1f, context size is 960 bytes, using 'compacted' format.
2022-12-04T18:35:25.483691Z INFO kernel: [ 0.000000] BIOS-provided physical RAM map:
2022-12-04T18:35:25.483691Z INFO kernel: [ 0.000000] BIOS-e820: [mem 0x0000000000000000-0x000000000009efff] usable
2022-12-04T18:35:25.483693Z INFO kernel: [ 0.000000] BIOS-e820: [mem 0x000000000009f000-0x00000000000fffff] reserved
2022-12-04T18:35:25.483693Z INFO kernel: [ 0.000000] BIOS-e820: [mem 0x0000000000100000-0x0000000095547fff] usable
2022-12-04T18:35:25.483694Z INFO kernel: [ 0.000000] BIOS-e820: [mem 0x0000000095548000-0x0000000095e47fff] reserved
2022-12-04T18:35:25.483694Z INFO kernel: [ 0.000000] BIOS-e820: [mem 0x0000000095e48000-0x000000009705dfff] usable
2022-12-04T18:35:25.483695Z INFO kernel: [ 0.000000] BIOS-e820: [mem 0x000000009705e000-0x000000009745dfff] type 20
2022-12-04T18:35:25.483695Z INFO kernel: [ 0.000000] BIOS-e820: [mem 0x000000009745e000-0x0000000098b4dfff] reserved
2022-12-04T18:35:25.483696Z INFO kernel: [ 0.000000] BIOS-e820: [mem 0x0000000098b4e000-0x0000000099b4dfff] ACPI NVS
2022-12-04T18:35:25.483698Z INFO kernel: [ 0.000000] BIOS-e820: [mem 0x0000000099b4e000-0x0000000099c4dfff] ACPI data
2022-12-04T18:35:25.483698Z INFO kernel: [ 0.000000] BIOS-e820: [mem 0x0000000099c4e000-0x0000000099c4efff] usable
2022-12-04T18:35:25.483699Z INFO kernel: [ 0.000000] BIOS-e820: [mem 0x0000000099c4f000-0x000000009f7fffff] reserved
2022-12-04T18:35:25.483699Z INFO kernel: [ 0.000000] BIOS-e820: [mem 0x00000000e0000000-0x00000000efffffff] reserved
2022-12-04T18:35:25.483700Z INFO kernel: [ 0.000000] BIOS-e820: [mem 0x00000000fe000000-0x00000000fe010fff] reserved
2022-12-04T18:35:25.483701Z INFO kernel: [ 0.000000] BIOS-e820: [mem 0x00000000fed10000-0x00000000fed19fff] reserved
2022-12-04T18:35:25.483702Z INFO kernel: [ 0.000000] BIOS-e820: [mem 0x00000000fed84000-0x00000000fed84fff] reserved
2022-12-04T18:35:25.483703Z INFO kernel: [ 0.000000] BIOS-e820: [mem 0x00000000fee00000-0x00000000fee00fff] reserved
2022-12-04T18:35:25.483703Z INFO kernel: [ 0.000000] BIOS-e820: [mem 0x00000000ff300000-0x00000000ffffffff] reserved
2022-12-04T18:35:25.483704Z INFO kernel: [ 0.000000] BIOS-e820: [mem 0x0000000100000000-0x000000025e7fffff] usable
2022-12-04T18:35:25.483704Z INFO kernel: [ 0.000000] NX (Execute Disable) protection: active
2022-12-04T18:35:25.483705Z INFO kernel: [ 0.000000] efi: EFI v2.70 by INSYDE Corp.
2022-12-04T18:35:25.483706Z INFO kernel: [ 0.000000] efi: ACPI=0x99c4d000 ACPI 2.0=0x99c4d014 TPMFinalLog=0x99b45000 SMBIOS=0x97bc7000 SMBIOS 3.0=0x97bc5000 ESRT=0x97bc8b98 MEMATTR=0x927cc018
2022-12-04T18:35:25.483707Z INFO kernel: [ 0.000000] SMBIOS 3.2.0 present.
2022-12-04T18:35:25.483707Z INFO kernel: [ 0.000000] DMI: Acer Aspire A315-55G/Happy_WC, BIOS V1.21 07/03/2020
2022-12-04T18:35:25.483708Z INFO kernel: [ 0.000000] tsc: Initial usec timer 15351481
2022-12-04T18:35:25.483708Z INFO kernel: [ 0.000000] tsc: Detected 2600.000 MHz processor
2022-12-04T18:35:25.483709Z INFO kernel: [ 0.000000] tsc: Detected 2599.992 MHz TSC
2022-12-04T18:35:25.483709Z DEBUG kernel: [ 0.000005] e820: update [mem 0x00000000-0x00000fff] usable ==> reserved
2022-12-04T18:35:25.483711Z DEBUG kernel: [ 0.000008] e820: remove [mem 0x000a0000-0x000fffff] usable
2022-12-04T18:35:25.483711Z INFO kernel: [ 0.000015] last_pfn = 0x25e800 max_arch_pfn = 0x400000000
2022-12-04T18:35:25.483712Z DEBUG kernel: [ 0.000018] MTRR default type: write-back
2022-12-04T18:35:25.483712Z DEBUG kernel: [ 0.000019] MTRR fixed ranges enabled:
2022-12-04T18:35:25.483713Z DEBUG kernel: [ 0.000019] 00000-9FFFF write-back
2022-12-04T18:35:25.483713Z DEBUG kernel: [ 0.000020] A0000-BFFFF uncachable
2022-12-04T18:35:25.483715Z DEBUG kernel: [ 0.000021] C0000-FFFFF write-protect
2022-12-04T18:35:25.483715Z DEBUG kernel: [ 0.000021] MTRR variable ranges enabled:
2022-12-04T18:35:25.483716Z DEBUG kernel: [ 0.000022] 0 base 00C0000000 mask 7FC0000000 uncachable
2022-12-04T18:35:25.483716Z DEBUG kernel: [ 0.000023] 1 base 00A0000000 mask 7FE0000000 uncachable
2022-12-04T18:35:25.483717Z DEBUG kernel: [ 0.000024] 2 base 009C000000 mask 7FFC000000 uncachable
2022-12-04T18:35:25.483718Z DEBUG kernel: [ 0.000025] 3 base 009B000000 mask 7FFF000000 uncachable
2022-12-04T18:35:25.483720Z DEBUG kernel: [ 0.000025] 4 base 2000000000 mask 6000000000 uncachable
2022-12-04T18:35:25.483720Z DEBUG kernel: [ 0.000026] 5 base 1000000000 mask 7000000000 uncachable
2022-12-04T18:35:25.483721Z DEBUG kernel: [ 0.000027] 6 base 0800000000 mask 7800000000 uncachable
2022-12-04T18:35:25.483722Z DEBUG kernel: [ 0.000027] 7 base 0400000000 mask 7C00000000 uncachable
2022-12-04T18:35:25.483722Z DEBUG kernel: [ 0.000028] 8 base 4000000000 mask 4000000000 uncachable
2022-12-04T18:35:25.483723Z DEBUG kernel: [ 0.000028] 9 disabled
2022-12-04T18:35:25.483723Z INFO kernel: [ 0.000518] x86/PAT: Configuration [0-7]: WB WC UC- UC WB WP UC- WT
2022-12-04T18:35:25.483725Z INFO kernel: [ 0.001365] last_pfn = 0x99c4f max_arch_pfn = 0x400000000
2022-12-04T18:35:25.483725Z INFO kernel: [ 0.006971] esrt: Reserving ESRT space from 0x0000000097bc8b98 to 0x0000000097bc8bd0.
2022-12-04T18:35:25.483726Z INFO kernel: [ 0.006983] check: Scanning 1 areas for low memory corruption
2022-12-04T18:35:25.483727Z INFO kernel: [ 0.006988] Using GB pages for direct mapping
2022-12-04T18:35:25.483727Z INFO kernel: [ 0.007514] Secure boot disabled
2022-12-04T18:35:25.483728Z INFO kernel: [ 0.007515] RAMDISK: [mem 0x37cc5000-0x37e59fff]
2022-12-04T18:35:25.483729Z INFO kernel: [ 0.007517] ACPI: Early table checksum verification disabled
2022-12-04T18:35:25.483730Z INFO kernel: [ 0.007519] ACPI: RSDP 0x0000000099C4D014 000024 (v02 ACRSYS)
2022-12-04T18:35:25.483730Z INFO kernel: [ 0.007523] ACPI: XSDT 0x0000000099C2E188 0000FC (v01 ACRSYS ACRPRDCT 00000002 01000013)
2022-12-04T18:35:25.483731Z INFO kernel: [ 0.007528] ACPI: FACP 0x0000000099C31000 00010C (v05 ACRSYS ACRPRDCT 00000002 1025 00040000)
2022-12-04T18:35:25.483731Z INFO kernel: [ 0.007532] ACPI: DSDT 0x0000000099C04000 02920B (v02 ACRSYS ACRPRDCT 00000002 1025 00040000)
2022-12-04T18:35:25.483732Z INFO kernel: [ 0.007535] ACPI: FACS 0x0000000099B07000 000040
2022-12-04T18:35:25.483732Z INFO kernel: [ 0.007537] ACPI: UEFI 0x0000000099B4D000 000236 (v01 ACRSYS ACRPRDCT 00000001 1025 00040000)
2022-12-04T18:35:25.483734Z INFO kernel: [ 0.007540] ACPI: SSDT 0x0000000099C4A000 001B4A (v02 ACRSYS ACRPRDCT 00003000 1025 00040000)
2022-12-04T18:35:25.483734Z INFO kernel: [ 0.007543] ACPI: SSDT 0x0000000099C46000 003205 (v02 ACRSYS ACRPRDCT 00003000 1025 00040000)
2022-12-04T18:35:25.483735Z INFO kernel: [ 0.007545] ACPI: SSDT 0x0000000099C45000 00045A (v02 ACRSYS ACRPRDCT 00001000 1025 00040000)
2022-12-04T18:35:25.483736Z INFO kernel: [ 0.007548] ACPI: SSDT 0x0000000099C44000 000046 (v02 ACRSYS ACRPRDCT 00003000 1025 00040000)
2022-12-04T18:35:25.483736Z INFO kernel: [ 0.007550] ACPI: TPM2 0x0000000099C43000 000034 (v03 ACRSYS ACRPRDCT 00000002 1025 00040000)
2022-12-04T18:35:25.483737Z INFO kernel: [ 0.007553] ACPI: MSDM 0x0000000099C42000 000055 (v03 ACRSYS ACRPRDCT 00000001 1025 00040000)
2022-12-04T18:35:25.483738Z INFO kernel: [ 0.007555] ACPI: LPIT 0x0000000099C41000 000094 (v01 ACRSYS ACRPRDCT 00000002 1025 00040000)
2022-12-04T18:35:25.483739Z INFO kernel: [ 0.007557] ACPI: WSMT 0x0000000099C40000 000028 (v01 ACRSYS ACRPRDCT 00000002 1025 00040000)
2022-12-04T18:35:25.483739Z INFO kernel: [ 0.007560] ACPI: SSDT 0x0000000099C3F000 000B14 (v02 ACRSYS ACRPRDCT 00001000 1025 00040000)
2022-12-04T18:35:25.483740Z INFO kernel: [ 0.007562] ACPI: SSDT 0x0000000099C3D000 00149F (v02 ACRSYS ACRPRDCT 00000000 1025 00040000)
2022-12-04T18:35:25.483741Z INFO kernel: [ 0.007565] ACPI: DBGP 0x0000000099C3C000 000034 (v01 ACRSYS ACRPRDCT 00000002 1025 00040000)
2022-12-04T18:35:25.483742Z INFO kernel: [ 0.007568] ACPI: DBG2 0x0000000099C3B000 000054 (v00 ACRSYS ACRPRDCT 00000002 1025 00040000)
2022-12-04T18:35:25.483743Z INFO kernel: [ 0.007570] ACPI: SSDT 0x0000000099C3A000 000B9F (v02 ACRSYS ACRPRDCT 00001000 1025 00040000)
2022-12-04T18:35:25.483744Z INFO kernel: [ 0.007573] ACPI: SSDT 0x0000000099C34000 005FC0 (v01 ACRSYS ACRPRDCT 00001000 1025 00040000)
2022-12-04T18:35:25.483745Z INFO kernel: [ 0.007575] ACPI: SSDT 0x0000000099C33000 000E46 (v02 ACRSYS ACRPRDCT 00000000 1025 00040000)
2022-12-04T18:35:25.483746Z INFO kernel: [ 0.007578] ACPI: NHLT 0x0000000099C32000 00002D (v00 ACRSYS ACRPRDCT 00000002 1025 00040000)
2022-12-04T18:35:25.483746Z INFO kernel: [ 0.007580] ACPI: HPET 0x0000000099C30000 000038 (v01 ACRSYS ACRPRDCT 00000002 1025 00040000)
2022-12-04T18:35:25.483747Z INFO kernel: [ 0.007583] ACPI: APIC 0x0000000099C2F000 000164 (v03 ACRSYS ACRPRDCT 00000002 1025 00040000)
2022-12-04T18:35:25.483747Z INFO kernel: [ 0.007585] ACPI: MCFG 0x0000000099C4C000 00003C (v01 ACRSYS ACRPRDCT 00000002 1025 00040000)
2022-12-04T18:35:25.483749Z INFO kernel: [ 0.007588] ACPI: SSDT 0x0000000099C02000 000E39 (v02 ACRSYS ACRPRDCT 00000002 1025 00040000)
2022-12-04T18:35:25.483750Z INFO kernel: [ 0.007590] ACPI: DMAR 0x0000000099C01000 0000A8 (v01 ACRSYS ACRPRDCT 00000002 1025 00040000)
2022-12-04T18:35:25.483750Z INFO kernel: [ 0.007593] ACPI: SSDT 0x0000000099BFD000 0032B4 (v01 ACRSYS ACRPRDCT 00001000 1025 00040000)
2022-12-04T18:35:25.483751Z INFO kernel: [ 0.007595] ACPI: SSDT 0x0000000099C03000 000164 (v01 ACRSYS ACRPRDCT 00001000 1025 00040000)
2022-12-04T18:35:25.483815Z INFO kernel: [ 0.007598] ACPI: FPDT 0x0000000099BFC000 000044 (v01 ACRSYS ACRPRDCT 00000002 1025 00040000)
2022-12-04T18:35:25.483816Z INFO kernel: [ 0.007600] ACPI: BGRT 0x0000000099BFB000 000038 (v01 ACRSYS ACRPRDCT 00000001 1025 00040000)
2022-12-04T18:35:25.483818Z INFO kernel: [ 0.007603] ACPI: Reserving FACP table memory at [mem 0x99c31000-0x99c3110b]
2022-12-04T18:35:25.483818Z INFO kernel: [ 0.007604] ACPI: Reserving DSDT table memory at [mem 0x99c04000-0x99c2d20a]
2022-12-04T18:35:25.483819Z INFO kernel: [ 0.007605] ACPI: Reserving FACS table memory at [mem 0x99b07000-0x99b0703f]
2022-12-04T18:35:25.483820Z INFO kernel: [ 0.007606] ACPI: Reserving UEFI table memory at [mem 0x99b4d000-0x99b4d235]
2022-12-04T18:35:25.483820Z INFO kernel: [ 0.007607] ACPI: Reserving SSDT table memory at [mem 0x99c4a000-0x99c4bb49]
2022-12-04T18:35:25.483821Z INFO kernel: [ 0.007608] ACPI: Reserving SSDT table memory at [mem 0x99c46000-0x99c49204]
2022-12-04T18:35:25.483822Z INFO kernel: [ 0.007609] ACPI: Reserving SSDT table memory at [mem 0x99c45000-0x99c45459]
2022-12-04T18:35:25.483823Z INFO kernel: [ 0.007609] ACPI: Reserving SSDT table memory at [mem 0x99c44000-0x99c44045]
2022-12-04T18:35:25.483824Z INFO kernel: [ 0.007610] ACPI: Reserving TPM2 table memory at [mem 0x99c43000-0x99c43033]
2022-12-04T18:35:25.483825Z INFO kernel: [ 0.007611] ACPI: Reserving MSDM table memory at [mem 0x99c42000-0x99c42054]
2022-12-04T18:35:25.483825Z INFO kernel: [ 0.007612] ACPI: Reserving LPIT table memory at [mem 0x99c41000-0x99c41093]
2022-12-04T18:35:25.483826Z INFO kernel: [ 0.007613] ACPI: Reserving WSMT table memory at [mem 0x99c40000-0x99c40027]
2022-12-04T18:35:25.483827Z INFO kernel: [ 0.007614] ACPI: Reserving SSDT table memory at [mem 0x99c3f000-0x99c3fb13]
2022-12-04T18:35:25.483828Z INFO kernel: [ 0.007615] ACPI: Reserving SSDT table memory at [mem 0x99c3d000-0x99c3e49e]
2022-12-04T18:35:25.483829Z INFO kernel: [ 0.007616] ACPI: Reserving DBGP table memory at [mem 0x99c3c000-0x99c3c033]
2022-12-04T18:35:25.483837Z INFO kernel: [ 0.007616] ACPI: Reserving DBG2 table memory at [mem 0x99c3b000-0x99c3b053]
2022-12-04T18:35:25.483838Z INFO kernel: [ 0.007617] ACPI: Reserving SSDT table memory at [mem 0x99c3a000-0x99c3ab9e]
2022-12-04T18:35:25.483838Z INFO kernel: [ 0.007618] ACPI: Reserving SSDT table memory at [mem 0x99c34000-0x99c39fbf]
2022-12-04T18:35:25.483839Z INFO kernel: [ 0.007619] ACPI: Reserving SSDT table memory at [mem 0x99c33000-0x99c33e45]
2022-12-04T18:35:25.483841Z INFO kernel: [ 0.007620] ACPI: Reserving NHLT table memory at [mem 0x99c32000-0x99c3202c]
2022-12-04T18:35:25.483841Z INFO kernel: [ 0.007621] ACPI: Reserving HPET table memory at [mem 0x99c30000-0x99c30037]
2022-12-04T18:35:25.483842Z INFO kernel: [ 0.007622] ACPI: Reserving APIC table memory at [mem 0x99c2f000-0x99c2f163]
2022-12-04T18:35:25.483842Z INFO kernel: [ 0.007623] ACPI: Reserving MCFG table memory at [mem 0x99c4c000-0x99c4c03b]
2022-12-04T18:35:25.483843Z INFO kernel: [ 0.007624] ACPI: Reserving SSDT table memory at [mem 0x99c02000-0x99c02e38]
2022-12-04T18:35:25.483844Z INFO kernel: [ 0.007625] ACPI: Reserving DMAR table memory at [mem 0x99c01000-0x99c010a7]
2022-12-04T18:35:25.483844Z INFO kernel: [ 0.007626] ACPI: Reserving SSDT table memory at [mem 0x99bfd000-0x99c002b3]
2022-12-04T18:35:25.483846Z INFO kernel: [ 0.007627] ACPI: Reserving SSDT table memory at [mem 0x99c03000-0x99c03163]
2022-12-04T18:35:25.483846Z INFO kernel: [ 0.007628] ACPI: Reserving FPDT table memory at [mem 0x99bfc000-0x99bfc043]
2022-12-04T18:35:25.483847Z INFO kernel: [ 0.007629] ACPI: Reserving BGRT table memory at [mem 0x99bfb000-0x99bfb037]
2022-12-04T18:35:25.483848Z DEBUG kernel: [ 0.007637] ACPI: Local APIC address 0xfee00000
2022-12-04T18:35:25.483848Z INFO kernel: [ 0.007652] Zone ranges:
2022-12-04T18:35:25.483849Z INFO kernel: [ 0.007653] DMA [mem 0x0000000000001000-0x0000000000ffffff]
2022-12-04T18:35:25.483850Z INFO kernel: [ 0.007654] DMA32 [mem 0x0000000001000000-0x00000000ffffffff]
2022-12-04T18:35:25.483851Z INFO kernel: [ 0.007656] Normal [mem 0x0000000100000000-0x000000025e7fffff]
2022-12-04T18:35:25.483851Z INFO kernel: [ 0.007657] Movable zone start for each node
2022-12-04T18:35:25.483852Z INFO kernel: [ 0.007658] Early memory node ranges
2022-12-04T18:35:25.483853Z INFO kernel: [ 0.007659] node 0: [mem 0x0000000000001000-0x000000000009efff]
2022-12-04T18:35:25.483853Z INFO kernel: [ 0.007660] node 0: [mem 0x0000000000100000-0x0000000095547fff]
2022-12-04T18:35:25.483854Z INFO kernel: [ 0.007661] node 0: [mem 0x0000000095e48000-0x000000009705dfff]
2022-12-04T18:35:25.483855Z INFO kernel: [ 0.007662] node 0: [mem 0x0000000099c4e000-0x0000000099c4efff]
2022-12-04T18:35:25.483856Z INFO kernel: [ 0.007663] node 0: [mem 0x0000000100000000-0x000000025e7fffff]
2022-12-04T18:35:25.483857Z INFO kernel: [ 0.007664] Initmem setup node 0 [mem 0x0000000000001000-0x000000025e7fffff]
2022-12-04T18:35:25.483857Z DEBUG kernel: [ 0.007665] On node 0 totalpages: 2051837
2022-12-04T18:35:25.483858Z DEBUG kernel: [ 0.007667] DMA zone: 64 pages used for memmap
2022-12-04T18:35:25.483859Z DEBUG kernel: [ 0.007667] DMA zone: 22 pages reserved
2022-12-04T18:35:25.483860Z DEBUG kernel: [ 0.007668] DMA zone: 3998 pages, LIFO batch:0
2022-12-04T18:35:25.483861Z DEBUG kernel: [ 0.007669] DMA32 zone: 9566 pages used for memmap
2022-12-04T18:35:25.483861Z DEBUG kernel: [ 0.007670] DMA32 zone: 612191 pages, LIFO batch:63
2022-12-04T18:35:25.483862Z DEBUG kernel: [ 0.007670] Normal zone: 22432 pages used for memmap
2022-12-04T18:35:25.483863Z DEBUG kernel: [ 0.007671] Normal zone: 1435648 pages, LIFO batch:63
2022-12-04T18:35:25.483863Z INFO kernel: [ 0.007673] On node 0, zone DMA: 1 pages in unavailable ranges
2022-12-04T18:35:25.483866Z INFO kernel: [ 0.007736] On node 0, zone DMA: 97 pages in unavailable ranges
2022-12-04T18:35:25.483867Z INFO kernel: [ 0.017516] On node 0, zone DMA32: 2304 pages in unavailable ranges
2022-12-04T18:35:25.483868Z INFO kernel: [ 0.017711] On node 0, zone DMA32: 11248 pages in unavailable ranges
2022-12-04T18:35:25.483868Z INFO kernel: [ 0.041021] On node 0, zone Normal: 25521 pages in unavailable ranges
2022-12-04T18:35:25.483869Z INFO kernel: [ 0.041117] On node 0, zone Normal: 6144 pages in unavailable ranges
2022-12-04T18:35:25.483870Z INFO kernel: [ 0.041132] Reserving Intel graphics memory at [mem 0x9b800000-0x9f7fffff]
2022-12-04T18:35:25.483870Z INFO kernel: [ 0.041492] ACPI: PM-Timer IO Port: 0x1808
2022-12-04T18:35:25.483872Z DEBUG kernel: [ 0.041493] ACPI: Local APIC address 0xfee00000
2022-12-04T18:35:25.483873Z INFO kernel: [ 0.041498] ACPI: LAPIC_NMI (acpi_id[0x01] high edge lint[0x1])
2022-12-04T18:35:25.483873Z INFO kernel: [ 0.041498] ACPI: LAPIC_NMI (acpi_id[0x02] high edge lint[0x1])
2022-12-04T18:35:25.483874Z INFO kernel: [ 0.041499] ACPI: LAPIC_NMI (acpi_id[0x03] high edge lint[0x1])
2022-12-04T18:35:25.483875Z INFO kernel: [ 0.041500] ACPI: LAPIC_NMI (acpi_id[0x04] high edge lint[0x1])
2022-12-04T18:35:25.483875Z INFO kernel: [ 0.041501] ACPI: LAPIC_NMI (acpi_id[0x05] high edge lint[0x1])
2022-12-04T18:35:25.483877Z INFO kernel: [ 0.041502] ACPI: LAPIC_NMI (acpi_id[0x06] high edge lint[0x1])
2022-12-04T18:35:25.483878Z INFO kernel: [ 0.041502] ACPI: LAPIC_NMI (acpi_id[0x07] high edge lint[0x1])
2022-12-04T18:35:25.483878Z INFO kernel: [ 0.041503] ACPI: LAPIC_NMI (acpi_id[0x08] high edge lint[0x1])
2022-12-04T18:35:25.483879Z INFO kernel: [ 0.041504] ACPI: LAPIC_NMI (acpi_id[0x09] high edge lint[0x1])
2022-12-04T18:35:25.483880Z INFO kernel: [ 0.041505] ACPI: LAPIC_NMI (acpi_id[0x0a] high edge lint[0x1])
2022-12-04T18:35:25.483880Z INFO kernel: [ 0.041506] ACPI: LAPIC_NMI (acpi_id[0x0b] high edge lint[0x1])
2022-12-04T18:35:25.483881Z INFO kernel: [ 0.041507] ACPI: LAPIC_NMI (acpi_id[0x0c] high edge lint[0x1])
2022-12-04T18:35:25.483883Z INFO kernel: [ 0.041507] ACPI: LAPIC_NMI (acpi_id[0x0d] high edge lint[0x1])
2022-12-04T18:35:25.483883Z INFO kernel: [ 0.041508] ACPI: LAPIC_NMI (acpi_id[0x0e] high edge lint[0x1])
2022-12-04T18:35:25.483884Z INFO kernel: [ 0.041509] ACPI: LAPIC_NMI (acpi_id[0x0f] high edge lint[0x1])
2022-12-04T18:35:25.483885Z INFO kernel: [ 0.041510] ACPI: LAPIC_NMI (acpi_id[0x10] high edge lint[0x1])
2022-12-04T18:35:25.483886Z INFO kernel: [ 0.041511] ACPI: LAPIC_NMI (acpi_id[0x11] high edge lint[0x1])
2022-12-04T18:35:25.483886Z INFO kernel: [ 0.041511] ACPI: LAPIC_NMI (acpi_id[0x12] high edge lint[0x1])
2022-12-04T18:35:25.483888Z INFO kernel: [ 0.041512] ACPI: LAPIC_NMI (acpi_id[0x13] high edge lint[0x1])
2022-12-04T18:35:25.483889Z INFO kernel: [ 0.041513] ACPI: LAPIC_NMI (acpi_id[0x14] high edge lint[0x1])
2022-12-04T18:35:25.483889Z INFO kernel: [ 0.041548] IOAPIC[0]: apic_id 2, version 32, address 0xfec00000, GSI 0-119
2022-12-04T18:35:25.483890Z INFO kernel: [ 0.041550] ACPI: INT_SRC_OVR (bus 0 bus_irq 0 global_irq 2 dfl dfl)
2022-12-04T18:35:25.483891Z INFO kernel: [ 0.041552] ACPI: INT_SRC_OVR (bus 0 bus_irq 9 global_irq 9 high level)
2022-12-04T18:35:25.483891Z DEBUG kernel: [ 0.041553] ACPI: IRQ0 used by override.
2022-12-04T18:35:25.483893Z DEBUG kernel: [ 0.041554] ACPI: IRQ9 used by override.
2022-12-04T18:35:25.483894Z INFO kernel: [ 0.041556] Using ACPI (MADT) for SMP configuration information
2022-12-04T18:35:25.483894Z INFO kernel: [ 0.041558] ACPI: HPET id: 0x8086a201 base: 0xfed00000
2022-12-04T18:35:25.483895Z INFO kernel: [ 0.041560] TSC deadline timer available
2022-12-04T18:35:25.483896Z INFO kernel: [ 0.041561] smpboot: Allowing 4 CPUs, 0 hotplug CPUs
2022-12-04T18:35:25.483896Z INFO kernel: [ 0.041574] [mem 0x9f800000-0xdfffffff] available for PCI devices
2022-12-04T18:35:25.483897Z INFO kernel: [ 0.041577] clocksource: refined-jiffies: mask: 0xffffffff max_cycles: 0xffffffff, max_idle_ns: 1910969940391419 ns
2022-12-04T18:35:25.483899Z INFO kernel: [ 0.045193] setup_percpu: NR_CPUS:64 nr_cpumask_bits:64 nr_cpu_ids:4 nr_node_ids:1
2022-12-04T18:35:25.483899Z INFO kernel: [ 0.045794] percpu: Embedded 57 pages/cpu s194600 r8192 d30680 u524288
2022-12-04T18:35:25.483900Z DEBUG kernel: [ 0.045799] pcpu-alloc: s194600 r8192 d30680 u524288 alloc=1*2097152
2022-12-04T18:35:25.483901Z DEBUG kernel: [ 0.045800] pcpu-alloc: [0] 0 1 2 3
2022-12-04T18:35:25.483901Z INFO kernel: [ 0.045815] Built 1 zonelists, mobility grouping on. Total pages: 2019753
2022-12-04T18:35:25.483902Z NOTICE kernel: [ 0.045816] Kernel command line: BOOT_IMAGE=(loopdev,gpt12)/syslinux/vmlinuz.A init=/sbin/init root=/dev/nvme0n1p3 boot=local rootwait noresume noswap ro loglevel=7 console= i915.modeset=1 cros_efi cros_debug fydeos_dualboot tpm_tis.force=0 i915.enable_guc=2 i915.enable_psr=0
2022-12-04T18:35:25.483904Z INFO kernel: [ 0.047827] Dentry cache hash table entries: 1048576 (order: 11, 8388608 bytes, linear)
2022-12-04T18:35:25.483905Z INFO kernel: [ 0.048774] Inode-cache hash table entries: 524288 (order: 10, 4194304 bytes, linear)
2022-12-04T18:35:25.483905Z INFO kernel: [ 0.048804] mem auto-init: stack:off, heap alloc:off, heap free:off
2022-12-04T18:35:25.483906Z INFO kernel: [ 0.113746] Memory: 7921432K/8207348K available (14348K kernel code, 2451K rwdata, 3500K rodata, 1620K init, 1524K bss, 285656K reserved, 0K cma-reserved)
2022-12-04T18:35:25.483907Z INFO kernel: [ 0.113958] SLUB: HWalign=64, Order=0-3, MinObjects=0, CPUs=4, Nodes=1
2022-12-04T18:35:25.483907Z INFO kernel: [ 0.113976] ftrace: allocating 46658 entries in 183 pages
2022-12-04T18:35:25.483911Z INFO kernel: [ 0.135253] ftrace: allocated 183 pages with 6 groups
2022-12-04T18:35:25.483912Z INFO kernel: [ 0.135333] rcu: Preemptible hierarchical RCU implementation.
2022-12-04T18:35:25.483993Z INFO kernel: [ 0.135335] rcu: RCU restricting CPUs from NR_CPUS=64 to nr_cpu_ids=4.
2022-12-04T18:35:25.483994Z INFO kernel: [ 0.135336] Trampoline variant of Tasks RCU enabled.
2022-12-04T18:35:25.483994Z INFO kernel: [ 0.135336] Rude variant of Tasks RCU enabled.
2022-12-04T18:35:25.483995Z INFO kernel: [ 0.135337] Tracing variant of Tasks RCU enabled.
2022-12-04T18:35:25.483997Z INFO kernel: [ 0.135338] rcu: RCU calculated value of scheduler-enlistment delay is 100 jiffies.
2022-12-04T18:35:25.483998Z INFO kernel: [ 0.135339] rcu: Adjusting geometry for rcu_fanout_leaf=16, nr_cpu_ids=4
2022-12-04T18:35:25.483999Z INFO kernel: [ 0.137354] NR_IRQS: 4352, nr_irqs: 1024, preallocated irqs: 16
2022-12-04T18:35:25.483999Z NOTICE kernel: [ 0.137930] random: crng init done
2022-12-04T18:35:25.484005Z INFO kernel: [ 0.137940] ACPI: Core revision 20200925
2022-12-04T18:35:25.484005Z INFO kernel: [ 0.138104] hpet: HPET dysfunctional in PC10. Force disabled.
2022-12-04T18:35:25.484007Z INFO kernel: [ 0.138105] APIC: Switch to symmetric I/O mode setup
2022-12-04T18:35:25.484008Z INFO kernel: [ 0.143489] clocksource: tsc-early: mask: 0xffffffffffffffff max_cycles: 0x257a34a6eea, max_idle_ns: 440795264358 ns
2022-12-04T18:35:25.484009Z INFO kernel: [ 0.143492] Calibrating delay loop (skipped), value calculated using timer frequency.. 5199.98 BogoMIPS (lpj=2599992)
2022-12-04T18:35:25.484010Z INFO kernel: [ 0.143494] pid_max: default: 32768 minimum: 301
2022-12-04T18:35:25.484010Z INFO kernel: [ 0.144491] LSM: Security Framework initializing
2022-12-04T18:35:25.484011Z INFO kernel: [ 0.144491] Yama: becoming mindful.
2022-12-04T18:35:25.484015Z INFO kernel: [ 0.144491] LoadPin: ready to pin (currently enforcing)
2022-12-04T18:35:25.484016Z INFO kernel: [ 0.144491] Chromium OS LSM: enabled
2022-12-04T18:35:25.484016Z INFO kernel: [ 0.144491] SELinux: Initializing.
2022-12-04T18:35:25.484017Z INFO kernel: [ 0.144491] Mount-cache hash table entries: 16384 (order: 5, 131072 bytes, linear)
2022-12-04T18:35:25.484018Z INFO kernel: [ 0.144491] Mountpoint-cache hash table entries: 16384 (order: 5, 131072 bytes, linear)
2022-12-04T18:35:25.484018Z INFO kernel: [ 0.144491] CPU0: Thermal monitoring enabled (TM1)
2022-12-04T18:35:25.484019Z INFO kernel: [ 0.144491] process: using mwait in idle threads
2022-12-04T18:35:25.484021Z INFO kernel: [ 0.144491] Last level iTLB entries: 4KB 64, 2MB 8, 4MB 8
2022-12-04T18:35:25.484022Z INFO kernel: [ 0.144491] Last level dTLB entries: 4KB 64, 2MB 0, 4MB 0, 1GB 4
2022-12-04T18:35:25.484027Z INFO kernel: [ 0.144491] Spectre V1 : Mitigation: usercopy/swapgs barriers and __user pointer sanitization
2022-12-04T18:35:25.484028Z ERR kernel: [ 0.144491] Spectre V2 : WARNING: Unprivileged eBPF is enabled with eIBRS on, data leaks possible via Spectre v2 BHB attacks!
2022-12-04T18:35:25.484029Z INFO kernel: [ 0.144491] Spectre V2 : Mitigation: Enhanced IBRS
2022-12-04T18:35:25.484029Z INFO kernel: [ 0.144491] Spectre V2 : Spectre v2 / SpectreRSB mitigation: Filling RSB on context switch
2022-12-04T18:35:25.484032Z INFO kernel: [ 0.144491] RETBleed: Mitigation: Enhanced IBRS
2022-12-04T18:35:25.484032Z INFO kernel: [ 0.144491] Spectre V2 : mitigation: Enabling conditional Indirect Branch Prediction Barrier
2022-12-04T18:35:25.484033Z INFO kernel: [ 0.144491] Speculative Store Bypass: Mitigation: Speculative Store Bypass disabled via prctl and seccomp
2022-12-04T18:35:25.484034Z INFO kernel: [ 0.144491] MMIO Stale Data: Vulnerable: Clear CPU buffers attempted, no microcode
2022-12-04T18:35:25.484034Z INFO kernel: [ 0.144491] SRBDS: Vulnerable: No microcode
2022-12-04T18:35:25.484035Z INFO kernel: [ 0.144491] Freeing SMP alternatives memory: 36K
2022-12-04T18:35:25.484037Z INFO kernel: [ 0.144491] smpboot: CPU0: Intel(R) Core(TM) i3-10110U CPU @ 2.10GHz (family: 0x6, model: 0x8e, stepping: 0xc)
2022-12-04T18:35:25.484038Z INFO kernel: [ 0.144491] Performance Events: PEBS fmt3+, Skylake events, 32-deep LBR, full-width counters, Intel PMU driver.
2022-12-04T18:35:25.484039Z INFO kernel: [ 0.144491] ... version: 4
2022-12-04T18:35:25.484039Z INFO kernel: [ 0.144491] ... bit width: 48
2022-12-04T18:35:25.484040Z INFO kernel: [ 0.144491] ... generic registers: 4
2022-12-04T18:35:25.484041Z INFO kernel: [ 0.144491] ... value mask: 0000ffffffffffff
2022-12-04T18:35:25.484044Z INFO kernel: [ 0.144491] ... max period: 00007fffffffffff
2022-12-04T18:35:25.484045Z INFO kernel: [ 0.144491] ... fixed-purpose events: 3
2022-12-04T18:35:25.484045Z INFO kernel: [ 0.144491] ... event mask: 000000070000000f
2022-12-04T18:35:25.484046Z INFO kernel: [ 0.144491] rcu: Hierarchical SRCU implementation.
2022-12-04T18:35:25.484047Z INFO kernel: [ 0.144491] NMI watchdog: Enabled. Permanently consumes one hw-PMU counter.
2022-12-04T18:35:25.484047Z INFO kernel: [ 0.144491] smp: Bringing up secondary CPUs ...
2022-12-04T18:35:25.484048Z INFO kernel: [ 0.144491] x86: Booting SMP configuration:
2022-12-04T18:35:25.484050Z INFO kernel: [ 0.144491] .... node #0, CPUs: #1 #2
2022-12-04T18:35:25.484051Z WARNING kernel: [ 0.144584] MMIO Stale Data CPU bug present and SMT on, data leak possible. See https://www.kernel.org/doc/html/latest/admin-guide/hw-vuln/processor_mmio_stale_data.html for more details.
2022-12-04T18:35:25.484052Z WARNING kernel: [ 0.144584] #3
2022-12-04T18:35:25.484052Z INFO kernel: [ 0.144994] smp: Brought up 1 node, 4 CPUs
2022-12-04T18:35:25.484053Z INFO kernel: [ 0.144994] smpboot: Max logical packages: 1
2022-12-04T18:35:25.484054Z INFO kernel: [ 0.144994] smpboot: Total of 4 processors activated (20799.93 BogoMIPS)
2022-12-04T18:35:25.484056Z INFO kernel: [ 0.145657] devtmpfs: initialized
2022-12-04T18:35:25.484057Z INFO kernel: [ 0.145657] PM: Registering ACPI NVS region [mem 0x98b4e000-0x99b4dfff] (16777216 bytes)
2022-12-04T18:35:25.484057Z INFO kernel: [ 0.145739] clocksource: jiffies: mask: 0xffffffff max_cycles: 0xffffffff, max_idle_ns: 1911260446275000 ns
2022-12-04T18:35:25.484058Z INFO kernel: [ 0.145741] futex hash table entries: 1024 (order: 4, 65536 bytes, linear)
2022-12-04T18:35:25.484059Z INFO kernel: [ 0.145785] pinctrl core: initialized pinctrl subsystem
2022-12-04T18:35:25.484059Z INFO kernel: [ 0.146001] PM: RTC time: 18:35:22, date: 2022-12-04
2022-12-04T18:35:25.484062Z INFO kernel: [ 0.146085] NET: Registered protocol family 16
2022-12-04T18:35:25.484062Z INFO kernel: [ 0.146570] audit: initializing netlink subsys (disabled)
2022-12-04T18:35:25.484063Z NOTICE kernel: [ 0.146574] audit: type=2000 audit(1670178922.003:1): state=initialized audit_enabled=0 res=1
2022-12-04T18:35:25.484064Z INFO kernel: [ 0.146574] thermal_sys: Registered thermal governor 'bang_bang'
2022-12-04T18:35:25.484064Z INFO kernel: [ 0.146574] thermal_sys: Registered thermal governor 'step_wise'
2022-12-04T18:35:25.484065Z INFO kernel: [ 0.146574] thermal_sys: Registered thermal governor 'user_space'
2022-12-04T18:35:25.484067Z INFO kernel: [ 0.146574] cpuidle: using governor ladder
2022-12-04T18:35:25.484068Z INFO kernel: [ 0.146574] cpuidle: using governor teo
2022-12-04T18:35:25.484068Z INFO kernel: [ 0.146574] ACPI: bus type PCI registered
2022-12-04T18:35:25.484069Z INFO kernel: [ 0.146574] acpiphp: ACPI Hot Plug PCI Controller Driver version: 0.5
2022-12-04T18:35:25.484070Z INFO kernel: [ 0.146574] PCI: MMCONFIG for domain 0000 [bus 00-ff] at [mem 0xe0000000-0xefffffff] (base 0xe0000000)
2022-12-04T18:35:25.484070Z INFO kernel: [ 0.146574] PCI: MMCONFIG at [mem 0xe0000000-0xefffffff] reserved in E820
2022-12-04T18:35:25.484072Z INFO kernel: [ 0.146575] PCI: Using configuration type 1 for base access
2022-12-04T18:35:25.484073Z WARNING kernel: [ 0.146707] ENERGY_PERF_BIAS: Set to 'normal', was 'performance'
2022-12-04T18:35:25.484074Z INFO kernel: [ 0.148497] cryptd: max_cpu_qlen set to 1000
2022-12-04T18:35:25.484075Z INFO kernel: [ 0.148522] ACPI: Added _OSI(Module Device)
2022-12-04T18:35:25.484075Z INFO kernel: [ 0.148523] ACPI: Added _OSI(Processor Device)
2022-12-04T18:35:25.484076Z INFO kernel: [ 0.148524] ACPI: Added _OSI(3.0 _SCP Extensions)
2022-12-04T18:35:25.484077Z INFO kernel: [ 0.148525] ACPI: Added _OSI(Processor Aggregator Device)
2022-12-04T18:35:25.484079Z INFO kernel: [ 0.148526] ACPI: Added _OSI(Linux-Dell-Video)
2022-12-04T18:35:25.484079Z INFO kernel: [ 0.148527] ACPI: Added _OSI(Linux-Lenovo-NV-HDMI-Audio)
2022-12-04T18:35:25.484080Z INFO kernel: [ 0.148528] ACPI: Added _OSI(Linux-HPI-Hybrid-Graphics)
2022-12-04T18:35:25.484081Z INFO kernel: [ 0.176254] ACPI: 13 ACPI AML tables successfully acquired and loaded
2022-12-04T18:35:25.484081Z NOTICE kernel: [ 0.178197] ACPI: [Firmware Bug]: BIOS _OSI(Linux) query ignored
2022-12-04T18:35:25.484082Z INFO kernel: [ 0.180610] ACPI: Dynamic OEM Table Load:
2022-12-04T18:35:25.484084Z INFO kernel: [ 0.180618] ACPI: SSDT 0xFFFF8F18C099C900 0000F4 (v02 PmRef Cpu0Psd 00003000 INTL 20160422)
2022-12-04T18:35:25.484085Z INFO kernel: [ 0.181426] ACPI: \_SB_.PR00: _OSC native thermal LVT Acked
2022-12-04T18:35:25.484085Z INFO kernel: [ 0.182491] ACPI: Dynamic OEM Table Load:
2022-12-04T18:35:25.484086Z INFO kernel: [ 0.182491] ACPI: SSDT 0xFFFF8F18C0B76800 000400 (v02 PmRef Cpu0Cst 00003001 INTL 20160422)
2022-12-04T18:35:25.484087Z INFO kernel: [ 0.182826] ACPI: Dynamic OEM Table Load:
2022-12-04T18:35:25.484088Z INFO kernel: [ 0.182832] ACPI: SSDT 0xFFFF8F18C0B33000 000605 (v02 PmRef Cpu0Ist 00003000 INTL 20160422)
2022-12-04T18:35:25.484088Z INFO kernel: [ 0.183728] ACPI: Dynamic OEM Table Load:
2022-12-04T18:35:25.484090Z INFO kernel: [ 0.183733] ACPI: SSDT 0xFFFF8F18C0AEB600 00011B (v02 PmRef Cpu0Hwp 00003000 INTL 20160422)
2022-12-04T18:35:25.484091Z INFO kernel: [ 0.184530] ACPI: Dynamic OEM Table Load:
2022-12-04T18:35:25.484092Z INFO kernel: [ 0.184536] ACPI: SSDT 0xFFFF8F18C0966000 000BE2 (v02 PmRef HwpLvt 00003000 INTL 20160422)
2022-12-04T18:35:25.484092Z INFO kernel: [ 0.185491] ACPI: Dynamic OEM Table Load:
2022-12-04T18:35:25.484093Z INFO kernel: [ 0.185491] ACPI: SSDT 0xFFFF8F18C0B32000 000778 (v02 PmRef ApIst 00003000 INTL 20160422)
2022-12-04T18:35:25.484094Z INFO kernel: [ 0.185491] ACPI: Dynamic OEM Table Load:
2022-12-04T18:35:25.484096Z INFO kernel: [ 0.185491] ACPI: SSDT 0xFFFF8F18C0B76C00 0003D7 (v02 PmRef ApHwp 00003000 INTL 20160422)
2022-12-04T18:35:25.484097Z INFO kernel: [ 0.187495] ACPI: Dynamic OEM Table Load:
2022-12-04T18:35:25.484097Z INFO kernel: [ 0.187495] ACPI: SSDT 0xFFFF8F18C0965000 000D74 (v02 PmRef ApPsd 00003000 INTL 20160422)
2022-12-04T18:35:25.484098Z INFO kernel: [ 0.188659] ACPI: Dynamic OEM Table Load:
2022-12-04T18:35:25.484099Z INFO kernel: [ 0.188664] ACPI: SSDT 0xFFFF8F18C0B77400 0003CA (v02 PmRef ApCst 00003000 INTL 20160422)
2022-12-04T18:35:25.484099Z INFO kernel: [ 0.190320] ACPI: EC: EC started
2022-12-04T18:35:25.484101Z INFO kernel: [ 0.190321] ACPI: EC: interrupt blocked
2022-12-04T18:35:25.484102Z INFO kernel: [ 0.190771] ACPI: EC: EC_CMD/EC_SC=0x66, EC_DATA=0x62
2022-12-04T18:35:25.484103Z INFO kernel: [ 0.190773] ACPI: \_SB_.PCI0.LPCB.EC0_: Boot DSDT EC used to handle transactions
2022-12-04T18:35:25.484104Z INFO kernel: [ 0.190773] ACPI: Interpreter enabled
2022-12-04T18:35:25.484104Z INFO kernel: [ 0.190802] ACPI: (supports S0 S3 S5)
2022-12-04T18:35:25.484105Z INFO kernel: [ 0.190803] ACPI: Using IOAPIC for interrupt routing
2022-12-04T18:35:25.484106Z INFO kernel: [ 0.190830] PCI: Using host bridge windows from ACPI; if necessary, use "pci=nocrs" and report a bug
2022-12-04T18:35:25.484108Z INFO kernel: [ 0.191101] ACPI: Enabled 6 GPEs in block 00 to 7F
2022-12-04T18:35:25.484109Z INFO kernel: [ 0.203208] ACPI: Power Resource [USBC] (on)
2022-12-04T18:35:25.484109Z INFO kernel: [ 0.227267] ACPI: Power Resource [PC01] (on)
2022-12-04T18:35:25.484110Z INFO kernel: [ 0.264993] ACPI: Power Resource [V0PR] (on)
2022-12-04T18:35:25.484111Z INFO kernel: [ 0.265882] ACPI: Power Resource [V1PR] (on)
2022-12-04T18:35:25.484111Z INFO kernel: [ 0.266716] ACPI: Power Resource [V2PR] (on)
2022-12-04T18:35:25.484192Z INFO kernel: [ 0.276989] ACPI: Power Resource [WRST] (on)
2022-12-04T18:35:25.484192Z INFO kernel: [ 0.289176] ACPI: PCI Root Bridge [PCI0] (domain 0000 [bus 00-fe])
2022-12-04T18:35:25.484193Z INFO kernel: [ 0.289213] acpi PNP0A08:00: _OSC: OS supports [ExtendedConfig ASPM ClockPM Segments MSI HPX-Type3]
2022-12-04T18:35:25.484194Z INFO kernel: [ 0.296806] acpi PNP0A08:00: _OSC: OS now controls [PCIeHotplug PME AER PCIeCapability LTR]
2022-12-04T18:35:25.484195Z INFO kernel: [ 0.302400] PCI host bridge to bus 0000:00
2022-12-04T18:35:25.484195Z INFO kernel: [ 0.302402] pci_bus 0000:00: root bus resource [io 0x0000-0x0cf7 window]
2022-12-04T18:35:25.484197Z INFO kernel: [ 0.302403] pci_bus 0000:00: root bus resource [io 0x0d00-0xffff window]
2022-12-04T18:35:25.484198Z INFO kernel: [ 0.302438] pci_bus 0000:00: root bus resource [mem 0x000a0000-0x000bffff window]
2022-12-04T18:35:25.484199Z INFO kernel: [ 0.302439] pci_bus 0000:00: root bus resource [mem 0x9f800000-0xdfffffff window]
2022-12-04T18:35:25.484200Z INFO kernel: [ 0.302440] pci_bus 0000:00: root bus resource [mem 0xfc800000-0xfe7fffff window]
2022-12-04T18:35:25.484200Z INFO kernel: [ 0.302441] pci_bus 0000:00: root bus resource [bus 00-fe]
2022-12-04T18:35:25.484201Z INFO kernel: [ 0.302493] pci 0000:00:00.0: [8086:9b71] type 00 class 0x060000
2022-12-04T18:35:25.484202Z INFO kernel: [ 0.306016] pci 0000:00:02.0: [8086:9b41] type 00 class 0x030000
2022-12-04T18:35:25.484204Z INFO kernel: [ 0.306056] pci 0000:00:02.0: reg 0x10: [mem 0xb2000000-0xb2ffffff 64bit]
2022-12-04T18:35:25.484204Z INFO kernel: [ 0.306094] pci 0000:00:02.0: reg 0x18: [mem 0xc0000000-0xcfffffff 64bit pref]
2022-12-04T18:35:25.484205Z INFO kernel: [ 0.306098] pci 0000:00:02.0: reg 0x20: [io 0x5000-0x503f]
2022-12-04T18:35:25.484206Z INFO kernel: [ 0.309944] pci 0000:00:12.0: [8086:02f9] type 00 class 0x118000
2022-12-04T18:35:25.484206Z INFO kernel: [ 0.310028] pci 0000:00:12.0: reg 0x10: [mem 0xb4518000-0xb4518fff 64bit]
2022-12-04T18:35:25.484207Z INFO kernel: [ 0.313856] pci 0000:00:14.0: [8086:02ed] type 00 class 0x0c0330
2022-12-04T18:35:25.484210Z INFO kernel: [ 0.313936] pci 0000:00:14.0: reg 0x10: [mem 0xb4500000-0xb450ffff 64bit]
2022-12-04T18:35:25.484211Z INFO kernel: [ 0.314255] pci 0000:00:14.0: PME# supported from D3hot D3cold
2022-12-04T18:35:25.484212Z INFO kernel: [ 0.318052] pci 0000:00:14.2: [8086:02ef] type 00 class 0x050000
2022-12-04T18:35:25.484212Z INFO kernel: [ 0.318294] pci 0000:00:14.2: reg 0x10: [mem 0xb4514000-0xb4515fff 64bit]
2022-12-04T18:35:25.484213Z INFO kernel: [ 0.318456] pci 0000:00:14.2: reg 0x18: [mem 0xb4519000-0xb4519fff 64bit]
2022-12-04T18:35:25.484214Z INFO kernel: [ 0.323442] pci 0000:00:15.0: [8086:02e8] type 00 class 0x0c8000
2022-12-04T18:35:25.484214Z INFO kernel: [ 0.324492] pci 0000:00:15.0: reg 0x10: [mem 0x00000000-0x00000fff 64bit]
2022-12-04T18:35:25.484217Z INFO kernel: [ 0.332458] pci 0000:00:16.0: [8086:02e0] type 00 class 0x078000
2022-12-04T18:35:25.484217Z INFO kernel: [ 0.332537] pci 0000:00:16.0: reg 0x10: [mem 0xb451b000-0xb451bfff 64bit]
2022-12-04T18:35:25.484218Z INFO kernel: [ 0.332902] pci 0000:00:16.0: PME# supported from D3hot
2022-12-04T18:35:25.484219Z INFO kernel: [ 0.336669] pci 0000:00:17.0: [8086:02d3] type 00 class 0x010601
2022-12-04T18:35:25.484219Z INFO kernel: [ 0.336749] pci 0000:00:17.0: reg 0x10: [mem 0xb4516000-0xb4517fff]
2022-12-04T18:35:25.484220Z INFO kernel: [ 0.336790] pci 0000:00:17.0: reg 0x14: [mem 0xb451f000-0xb451f0ff]
2022-12-04T18:35:25.484222Z INFO kernel: [ 0.336832] pci 0000:00:17.0: reg 0x18: [io 0x5080-0x5087]
2022-12-04T18:35:25.484223Z INFO kernel: [ 0.336873] pci 0000:00:17.0: reg 0x1c: [io 0x5088-0x508b]
2022-12-04T18:35:25.484223Z INFO kernel: [ 0.336915] pci 0000:00:17.0: reg 0x20: [io 0x5060-0x507f]
2022-12-04T18:35:25.484224Z INFO kernel: [ 0.336957] pci 0000:00:17.0: reg 0x24: [mem 0xb451e000-0xb451e7ff]
2022-12-04T18:35:25.484225Z INFO kernel: [ 0.337196] pci 0000:00:17.0: PME# supported from D3hot
2022-12-04T18:35:25.484226Z INFO kernel: [ 0.341018] pci 0000:00:1c.0: [8086:02b8] type 01 class 0x060400
2022-12-04T18:35:25.484228Z INFO kernel: [ 0.341462] pci 0000:00:1c.0: PME# supported from D0 D3hot D3cold
2022-12-04T18:35:25.484228Z INFO kernel: [ 0.345331] pci 0000:00:1c.4: [8086:02bc] type 01 class 0x060400
2022-12-04T18:35:25.484229Z INFO kernel: [ 0.345693] pci 0000:00:1c.4: PME# supported from D0 D3hot D3cold
2022-12-04T18:35:25.484230Z INFO kernel: [ 0.349538] pci 0000:00:1d.0: [8086:02b0] type 01 class 0x060400
2022-12-04T18:35:25.484230Z INFO kernel: [ 0.349932] pci 0000:00:1d.0: PME# supported from D0 D3hot D3cold
2022-12-04T18:35:25.484231Z INFO kernel: [ 0.353694] pci 0000:00:1d.1: [8086:02b1] type 01 class 0x060400
2022-12-04T18:35:25.484232Z INFO kernel: [ 0.354090] pci 0000:00:1d.1: PME# supported from D0 D3hot D3cold
2022-12-04T18:35:25.484234Z INFO kernel: [ 0.357931] pci 0000:00:1d.4: [8086:02b4] type 01 class 0x060400
2022-12-04T18:35:25.484235Z INFO kernel: [ 0.358454] pci 0000:00:1d.4: PME# supported from D0 D3hot D3cold
2022-12-04T18:35:25.484235Z INFO kernel: [ 0.362526] pci 0000:00:1f.0: [8086:0284] type 00 class 0x060100
2022-12-04T18:35:25.484236Z INFO kernel: [ 0.368823] pci 0000:00:1f.3: [8086:02c8] type 00 class 0x040380
2022-12-04T18:35:25.484237Z INFO kernel: [ 0.369156] pci 0000:00:1f.3: reg 0x10: [mem 0xb4510000-0xb4513fff 64bit]
2022-12-04T18:35:25.484237Z INFO kernel: [ 0.369571] pci 0000:00:1f.3: reg 0x20: [mem 0xb4200000-0xb42fffff 64bit]
2022-12-04T18:35:25.484239Z INFO kernel: [ 0.370419] pci 0000:00:1f.3: PME# supported from D3hot D3cold
2022-12-04T18:35:25.484240Z INFO kernel: [ 0.374660] pci 0000:00:1f.4: [8086:02a3] type 00 class 0x0c0500
2022-12-04T18:35:25.484241Z INFO kernel: [ 0.375422] pci 0000:00:1f.4: reg 0x10: [mem 0xb451c000-0xb451c0ff 64bit]
2022-12-04T18:35:25.484241Z INFO kernel: [ 0.376343] pci 0000:00:1f.4: reg 0x20: [io 0x5040-0x505f]
2022-12-04T18:35:25.484242Z INFO kernel: [ 0.380935] pci 0000:00:1f.5: [8086:02a4] type 00 class 0x0c8000
2022-12-04T18:35:25.484243Z INFO kernel: [ 0.381141] pci 0000:00:1f.5: reg 0x10: [mem 0xfe010000-0xfe010fff]
2022-12-04T18:35:25.484243Z INFO kernel: [ 0.385734] pci 0000:00:1c.0: PCI bridge to [bus 01]
2022-12-04T18:35:25.484246Z INFO kernel: [ 0.386055] pci 0000:02:00.0: [10de:1d11] type 00 class 0x030200
2022-12-04T18:35:25.484246Z INFO kernel: [ 0.386133] pci 0000:02:00.0: reg 0x10: [mem 0xb3000000-0xb3ffffff]
2022-12-04T18:35:25.484247Z INFO kernel: [ 0.386177] pci 0000:02:00.0: reg 0x14: [mem 0xa0000000-0xafffffff 64bit pref]
2022-12-04T18:35:25.484248Z INFO kernel: [ 0.386253] pci 0000:02:00.0: reg 0x1c: [mem 0xb0000000-0xb1ffffff 64bit pref]
2022-12-04T18:35:25.484248Z INFO kernel: [ 0.386293] pci 0000:02:00.0: reg 0x24: [io 0x4000-0x407f]
2022-12-04T18:35:25.484249Z INFO kernel: [ 0.386333] pci 0000:02:00.0: reg 0x30: [mem 0xfff80000-0xffffffff pref]
2022-12-04T18:35:25.484251Z INFO kernel: [ 0.386415] pci 0000:02:00.0: Enabling HDA controller
2022-12-04T18:35:25.484252Z INFO kernel: [ 0.387216] pci 0000:00:1c.4: PCI bridge to [bus 02]
2022-12-04T18:35:25.484252Z INFO kernel: [ 0.387218] pci 0000:00:1c.4: bridge window [io 0x4000-0x4fff]
2022-12-04T18:35:25.484253Z INFO kernel: [ 0.387253] pci 0000:00:1c.4: bridge window [mem 0xb3000000-0xb3ffffff]
2022-12-04T18:35:25.484254Z INFO kernel: [ 0.387257] pci 0000:00:1c.4: bridge window [mem 0xa0000000-0xb1ffffff 64bit pref]
2022-12-04T18:35:25.484254Z INFO kernel: [ 0.387535] pci 0000:03:00.0: [10ec:8168] type 00 class 0x020000
2022-12-04T18:35:25.484257Z INFO kernel: [ 0.387616] pci 0000:03:00.0: reg 0x10: [io 0x3000-0x30ff]
2022-12-04T18:35:25.484257Z INFO kernel: [ 0.387734] pci 0000:03:00.0: reg 0x18: [mem 0xb4404000-0xb4404fff 64bit]
2022-12-04T18:35:25.484258Z INFO kernel: [ 0.387780] pci 0000:03:00.0: reg 0x20: [mem 0xb4400000-0xb4403fff 64bit]
2022-12-04T18:35:25.484259Z INFO kernel: [ 0.388303] pci 0000:03:00.0: supports D1 D2
2022-12-04T18:35:25.484259Z INFO kernel: [ 0.388304] pci 0000:03:00.0: PME# supported from D0 D1 D2 D3hot D3cold
2022-12-04T18:35:25.484260Z INFO kernel: [ 0.388899] pci 0000:00:1d.0: PCI bridge to [bus 03]
2022-12-04T18:35:25.484261Z INFO kernel: [ 0.388934] pci 0000:00:1d.0: bridge window [io 0x3000-0x3fff]
2022-12-04T18:35:25.484263Z INFO kernel: [ 0.388937] pci 0000:00:1d.0: bridge window [mem 0xb4400000-0xb44fffff]
2022-12-04T18:35:25.484264Z INFO kernel: [ 0.390661] pci 0000:04:00.0: [168c:0042] type 00 class 0x028000
2022-12-04T18:35:25.484264Z INFO kernel: [ 0.391913] pci 0000:04:00.0: reg 0x10: [mem 0xb4000000-0xb41fffff 64bit]
2022-12-04T18:35:25.484265Z INFO kernel: [ 0.399248] pci 0000:04:00.0: PME# supported from D0 D3hot D3cold
2022-12-04T18:35:25.484265Z INFO kernel: [ 0.404201] pci 0000:00:1d.1: PCI bridge to [bus 04]
2022-12-04T18:35:25.484266Z INFO kernel: [ 0.404204] pci 0000:00:1d.1: bridge window [mem 0xb4000000-0xb41fffff]
2022-12-04T18:35:25.484268Z INFO kernel: [ 0.407752] pci 0000:05:00.0: [2646:500c] type 00 class 0x010802
2022-12-04T18:35:25.484269Z INFO kernel: [ 0.411201] pci 0000:05:00.0: reg 0x10: [mem 0xb4300000-0xb4303fff 64bit]
2022-12-04T18:35:25.484270Z INFO kernel: [ 0.443754] pci 0000:00:1d.4: PCI bridge to [bus 05]
2022-12-04T18:35:25.484270Z INFO kernel: [ 0.443793] pci 0000:00:1d.4: bridge window [mem 0xb4300000-0xb43fffff]
2022-12-04T18:35:25.484271Z DEBUG kernel: [ 0.443918] pci_bus 0000:00: on NUMA node 0
2022-12-04T18:35:25.484272Z INFO kernel: [ 0.449948] ACPI: EC: interrupt unblocked
2022-12-04T18:35:25.484272Z INFO kernel: [ 0.449950] ACPI: EC: event unblocked
2022-12-04T18:35:25.484274Z INFO kernel: [ 0.449974] ACPI: EC: EC_CMD/EC_SC=0x66, EC_DATA=0x62
2022-12-04T18:35:25.484275Z INFO kernel: [ 0.449975] ACPI: EC: GPE=0x10
2022-12-04T18:35:25.484276Z INFO kernel: [ 0.449977] ACPI: \_SB_.PCI0.LPCB.EC0_: Boot DSDT EC initialization complete
2022-12-04T18:35:25.484276Z INFO kernel: [ 0.449978] ACPI: \_SB_.PCI0.LPCB.EC0_: EC: Used to handle transactions and events
2022-12-04T18:35:25.484277Z INFO kernel: [ 0.450040] iommu: Default domain type: Translated
2022-12-04T18:35:25.484278Z NOTICE kernel: [ 0.450040] SCSI subsystem initialized
2022-12-04T18:35:25.484280Z DEBUG kernel: [ 0.450040] libata version 3.00 loaded.
2022-12-04T18:35:25.484281Z INFO kernel: [ 0.450040] ACPI: bus type USB registered
2022-12-04T18:35:25.484281Z INFO kernel: [ 0.450040] usbcore: registered new interface driver usbfs
2022-12-04T18:35:25.484282Z INFO kernel: [ 0.450040] usbcore: registered new interface driver hub
2022-12-04T18:35:25.484283Z INFO kernel: [ 0.450040] usbcore: registered new device driver usb
2022-12-04T18:35:25.484283Z INFO kernel: [ 0.450040] mc: Linux media interface: v0.10
2022-12-04T18:35:25.484285Z INFO kernel: [ 0.450040] videodev: Linux video capture interface: v2.00
2022-12-04T18:35:25.484286Z INFO kernel: [ 0.450040] Registered efivars operations
2022-12-04T18:35:25.484287Z INFO kernel: [ 0.450509] chromeos_acpi: installed
2022-12-04T18:35:25.484287Z INFO kernel: [ 0.450522] Advanced Linux Sound Architecture Driver Initialized.
2022-12-04T18:35:25.484288Z INFO kernel: [ 0.450606] PCI: Using ACPI for IRQ routing
2022-12-04T18:35:25.484289Z DEBUG kernel: [ 0.480885] PCI: pci_cache_line_size set to 64 bytes
2022-12-04T18:35:25.484289Z DEBUG kernel: [ 0.481505] e820: reserve RAM buffer [mem 0x0009f000-0x0009ffff]
2022-12-04T18:35:25.484291Z DEBUG kernel: [ 0.481506] e820: reserve RAM buffer [mem 0x95548000-0x97ffffff]
2022-12-04T18:35:25.484292Z DEBUG kernel: [ 0.481507] e820: reserve RAM buffer [mem 0x9705e000-0x97ffffff]
2022-12-04T18:35:25.484293Z DEBUG kernel: [ 0.481508] e820: reserve RAM buffer [mem 0x99c4f000-0x9bffffff]
2022-12-04T18:35:25.484294Z DEBUG kernel: [ 0.481509] e820: reserve RAM buffer [mem 0x25e800000-0x25fffffff]
2022-12-04T18:35:25.484294Z INFO kernel: [ 0.481602] clocksource: Switched to clocksource tsc-early
2022-12-04T18:35:25.484295Z NOTICE kernel: [ 0.491794] VFS: Disk quotas dquot_6.6.0
2022-12-04T18:35:25.484373Z INFO kernel: [ 0.491805] VFS: Dquot-cache hash table entries: 512 (order 0, 4096 bytes)
2022-12-04T18:35:25.484373Z INFO kernel: [ 0.491836] pnp: PnP ACPI init
2022-12-04T18:35:25.484374Z INFO kernel: [ 0.491908] system 00:00: [mem 0x40000000-0x403fffff] could not be reserved
2022-12-04T18:35:25.484375Z DEBUG kernel: [ 0.491912] system 00:00: Plug and Play ACPI device, IDs PNP0c02 (active)
2022-12-04T18:35:25.484375Z INFO kernel: [ 0.492129] system 00:01: [io 0x1800-0x18fe] has been reserved
2022-12-04T18:35:25.484376Z INFO kernel: [ 0.492130] system 00:01: [mem 0xfd000000-0xfd69ffff] has been reserved
2022-12-04T18:35:25.484377Z INFO kernel: [ 0.492132] system 00:01: [mem 0xfd6b0000-0xfd6cffff] has been reserved
2022-12-04T18:35:25.484379Z INFO kernel: [ 0.492134] system 00:01: [mem 0xfd6f0000-0xfdffffff] has been reserved
2022-12-04T18:35:25.484380Z INFO kernel: [ 0.492135] system 00:01: [mem 0xfe000000-0xfe01ffff] could not be reserved
2022-12-04T18:35:25.484380Z INFO kernel: [ 0.492136] system 00:01: [mem 0xfe200000-0xfe7fffff] has been reserved
2022-12-04T18:35:25.484381Z INFO kernel: [ 0.492137] system 00:01: [mem 0xff000000-0xffffffff] could not be reserved
2022-12-04T18:35:25.484382Z INFO kernel: [ 0.492139] system 00:01: [mem 0x00000000-0x003fffff] could not be reserved
2022-12-04T18:35:25.484382Z DEBUG kernel: [ 0.492141] system 00:01: Plug and Play ACPI device, IDs PNP0c02 (active)
2022-12-04T18:35:25.484384Z INFO kernel: [ 0.492345] system 00:02: [io 0x2000-0x20fe] has been reserved
2022-12-04T18:35:25.484385Z DEBUG kernel: [ 0.492348] system 00:02: Plug and Play ACPI device, IDs PNP0c02 (active)
2022-12-04T18:35:25.484386Z INFO kernel: [ 0.492424] system 00:03: [io 0x0680-0x069f] has been reserved
2022-12-04T18:35:25.484387Z INFO kernel: [ 0.492425] system 00:03: [io 0x164e-0x164f] has been reserved
2022-12-04T18:35:25.484387Z DEBUG kernel: [ 0.492428] system 00:03: Plug and Play ACPI device, IDs PNP0c02 (active)
2022-12-04T18:35:25.484388Z DEBUG kernel: [ 0.492458] pnp 00:04: Plug and Play ACPI device, IDs PNP0b00 (active)
2022-12-04T18:35:25.484390Z INFO kernel: [ 0.492528] system 00:05: [io 0x1854-0x1857] has been reserved
2022-12-04T18:35:25.484391Z DEBUG kernel: [ 0.492531] system 00:05: Plug and Play ACPI device, IDs INT3f0d PNP0c02 (active)
2022-12-04T18:35:25.484391Z DEBUG kernel: [ 0.492547] pnp 00:06: Plug and Play ACPI device, IDs PNP0303 (active)
2022-12-04T18:35:25.484392Z INFO kernel: [ 0.492796] system 00:07: [mem 0xfed10000-0xfed17fff] has been reserved
2022-12-04T18:35:25.484393Z INFO kernel: [ 0.492797] system 00:07: [mem 0xfed18000-0xfed18fff] has been reserved
2022-12-04T18:35:25.484394Z INFO kernel: [ 0.492798] system 00:07: [mem 0xfed19000-0xfed19fff] has been reserved
2022-12-04T18:35:25.484394Z INFO kernel: [ 0.492799] system 00:07: [mem 0xe0000000-0xefffffff] has been reserved
2022-12-04T18:35:25.484396Z INFO kernel: [ 0.492801] system 00:07: [mem 0xfed20000-0xfed3ffff] has been reserved
2022-12-04T18:35:25.484397Z INFO kernel: [ 0.492802] system 00:07: [mem 0xfed90000-0xfed93fff] has been reserved
2022-12-04T18:35:25.484398Z INFO kernel: [ 0.492803] system 00:07: [mem 0xfed45000-0xfed8ffff] could not be reserved
2022-12-04T18:35:25.484399Z INFO kernel: [ 0.492804] system 00:07: [mem 0xfee00000-0xfeefffff] could not be reserved
2022-12-04T18:35:25.484399Z DEBUG kernel: [ 0.492807] system 00:07: Plug and Play ACPI device, IDs PNP0c02 (active)
2022-12-04T18:35:25.484400Z INFO kernel: [ 0.492943] system 00:08: [mem 0xfe038000-0xfe038fff] has been reserved
2022-12-04T18:35:25.484402Z DEBUG kernel: [ 0.492946] system 00:08: Plug and Play ACPI device, IDs PNP0c02 (active)
2022-12-04T18:35:25.484403Z INFO kernel: [ 0.493069] pnp: PnP ACPI: found 9 devices
2022-12-04T18:35:25.484404Z INFO kernel: [ 0.497726] clocksource: acpi_pm: mask: 0xffffff max_cycles: 0xffffff, max_idle_ns: 2085701024 ns
2022-12-04T18:35:25.484404Z INFO kernel: [ 0.497775] NET: Registered protocol family 2
2022-12-04T18:35:25.484405Z INFO kernel: [ 0.497869] IP idents hash table entries: 131072 (order: 8, 1048576 bytes, linear)
2022-12-04T18:35:25.484406Z INFO kernel: [ 0.498562] tcp_listen_portaddr_hash hash table entries: 4096 (order: 5, 163840 bytes, linear)
2022-12-04T18:35:25.484406Z INFO kernel: [ 0.498592] TCP established hash table entries: 65536 (order: 7, 524288 bytes, linear)
2022-12-04T18:35:25.484408Z INFO kernel: [ 0.498702] TCP bind hash table entries: 65536 (order: 9, 2097152 bytes, linear)
2022-12-04T18:35:25.484409Z INFO kernel: [ 0.499210] TCP: Hash tables configured (established 65536 bind 65536)
2022-12-04T18:35:25.484410Z INFO kernel: [ 0.499241] UDP hash table entries: 4096 (order: 6, 393216 bytes, linear)
2022-12-04T18:35:25.484411Z INFO kernel: [ 0.499333] UDP-Lite hash table entries: 4096 (order: 6, 393216 bytes, linear)
2022-12-04T18:35:25.484411Z INFO kernel: [ 0.499470] NET: Registered protocol family 1
2022-12-04T18:35:25.484412Z INFO kernel: [ 0.499477] pci 0000:02:00.0: can't claim BAR 6 [mem 0xfff80000-0xffffffff pref]: no compatible bridge window
2022-12-04T18:35:25.484414Z INFO kernel: [ 0.499488] pci 0000:00:15.0: BAR 0: assigned [mem 0x9f800000-0x9f800fff 64bit]
2022-12-04T18:35:25.484415Z INFO kernel: [ 0.499578] pci 0000:00:1c.0: PCI bridge to [bus 01]
2022-12-04T18:35:25.484415Z INFO kernel: [ 0.499589] pci 0000:02:00.0: BAR 6: no space for [mem size 0x00080000 pref]
2022-12-04T18:35:25.484416Z INFO kernel: [ 0.499590] pci 0000:02:00.0: BAR 6: failed to assign [mem size 0x00080000 pref]
2022-12-04T18:35:25.484417Z INFO kernel: [ 0.499591] pci 0000:00:1c.4: PCI bridge to [bus 02]
2022-12-04T18:35:25.484417Z INFO kernel: [ 0.499593] pci 0000:00:1c.4: bridge window [io 0x4000-0x4fff]
2022-12-04T18:35:25.484420Z INFO kernel: [ 0.499596] pci 0000:00:1c.4: bridge window [mem 0xb3000000-0xb3ffffff]
2022-12-04T18:35:25.484421Z INFO kernel: [ 0.499598] pci 0000:00:1c.4: bridge window [mem 0xa0000000-0xb1ffffff 64bit pref]
2022-12-04T18:35:25.484421Z INFO kernel: [ 0.499602] pci 0000:00:1d.0: PCI bridge to [bus 03]
2022-12-04T18:35:25.484422Z INFO kernel: [ 0.499604] pci 0000:00:1d.0: bridge window [io 0x3000-0x3fff]
2022-12-04T18:35:25.484422Z INFO kernel: [ 0.499606] pci 0000:00:1d.0: bridge window [mem 0xb4400000-0xb44fffff]
2022-12-04T18:35:25.484423Z INFO kernel: [ 0.499611] pci 0000:00:1d.1: PCI bridge to [bus 04]
2022-12-04T18:35:25.484424Z INFO kernel: [ 0.499614] pci 0000:00:1d.1: bridge window [mem 0xb4000000-0xb41fffff]
2022-12-04T18:35:25.484426Z INFO kernel: [ 0.499619] pci 0000:00:1d.4: PCI bridge to [bus 05]
2022-12-04T18:35:25.484427Z INFO kernel: [ 0.499624] pci 0000:00:1d.4: bridge window [mem 0xb4300000-0xb43fffff]
2022-12-04T18:35:25.484427Z INFO kernel: [ 0.499630] pci_bus 0000:00: resource 4 [io 0x0000-0x0cf7 window]
2022-12-04T18:35:25.484428Z INFO kernel: [ 0.499631] pci_bus 0000:00: resource 5 [io 0x0d00-0xffff window]
2022-12-04T18:35:25.484429Z INFO kernel: [ 0.499632] pci_bus 0000:00: resource 6 [mem 0x000a0000-0x000bffff window]
2022-12-04T18:35:25.484429Z INFO kernel: [ 0.499633] pci_bus 0000:00: resource 7 [mem 0x9f800000-0xdfffffff window]
2022-12-04T18:35:25.484432Z INFO kernel: [ 0.499634] pci_bus 0000:00: resource 8 [mem 0xfc800000-0xfe7fffff window]
2022-12-04T18:35:25.484432Z INFO kernel: [ 0.499635] pci_bus 0000:02: resource 0 [io 0x4000-0x4fff]
2022-12-04T18:35:25.484433Z INFO kernel: [ 0.499636] pci_bus 0000:02: resource 1 [mem 0xb3000000-0xb3ffffff]
2022-12-04T18:35:25.484434Z INFO kernel: [ 0.499637] pci_bus 0000:02: resource 2 [mem 0xa0000000-0xb1ffffff 64bit pref]
2022-12-04T18:35:25.484434Z INFO kernel: [ 0.499639] pci_bus 0000:03: resource 0 [io 0x3000-0x3fff]
2022-12-04T18:35:25.484436Z INFO kernel: [ 0.499640] pci_bus 0000:03: resource 1 [mem 0xb4400000-0xb44fffff]
2022-12-04T18:35:25.484439Z INFO kernel: [ 0.499641] pci_bus 0000:04: resource 1 [mem 0xb4000000-0xb41fffff]
2022-12-04T18:35:25.484439Z INFO kernel: [ 0.499642] pci_bus 0000:05: resource 1 [mem 0xb4300000-0xb43fffff]
2022-12-04T18:35:25.484440Z INFO kernel: [ 0.499728] pci 0000:00:02.0: Video device with shadowed ROM at [mem 0x000c0000-0x000dffff]
2022-12-04T18:35:25.484441Z INFO kernel: [ 0.501781] PCI: CLS 64 bytes, default 64
2022-12-04T18:35:25.484442Z INFO kernel: [ 0.501805] Unpacking initramfs...
2022-12-04T18:35:25.484442Z INFO kernel: [ 0.617973] Freeing initrd memory: 1620K
2022-12-04T18:35:25.484443Z INFO kernel: [ 0.617979] PCI-DMA: Using software bounce buffering for IO (SWIOTLB)
2022-12-04T18:35:25.484445Z INFO kernel: [ 0.617981] software IO TLB: mapped [mem 0x000000008d6c2000-0x00000000916c2000] (64MB)
2022-12-04T18:35:25.484446Z INFO kernel: [ 0.617986] ACPI: bus type thunderbolt registered
2022-12-04T18:35:25.484446Z INFO kernel: [ 0.618126] RAPL PMU: API unit is 2^-32 Joules, 5 fixed counters, 655360 ms ovfl timer
2022-12-04T18:35:25.484447Z INFO kernel: [ 0.618127] RAPL PMU: hw unit of domain pp0-core 2^-14 Joules
2022-12-04T18:35:25.484448Z INFO kernel: [ 0.618128] RAPL PMU: hw unit of domain package 2^-14 Joules
2022-12-04T18:35:25.484448Z INFO kernel: [ 0.618129] RAPL PMU: hw unit of domain dram 2^-14 Joules
2022-12-04T18:35:25.484451Z INFO kernel: [ 0.618130] RAPL PMU: hw unit of domain pp1-gpu 2^-14 Joules
2022-12-04T18:35:25.484452Z INFO kernel: [ 0.618131] RAPL PMU: hw unit of domain psys 2^-14 Joules
2022-12-04T18:35:25.484452Z INFO kernel: [ 0.618182] pci 0000:00:00.0: attach allowed to drvr skl_uncore [internal device]
2022-12-04T18:35:25.484453Z ERR kernel: [ 0.618391] kvm: already loaded the other module
2022-12-04T18:35:25.484454Z INFO kernel: [ 0.618585] check: Scanning for low memory corruption every 60 seconds
2022-12-04T18:35:25.484454Z NOTICE kernel: [ 0.618993] Initialise system trusted keyrings
2022-12-04T18:35:25.484455Z INFO kernel: [ 0.619013] workingset: timestamp_bits=62 max_order=21 bucket_order=0
2022-12-04T18:35:25.484458Z INFO kernel: [ 0.619990] squashfs: version 4.0 (2009/01/31) Phillip Lougher
2022-12-04T18:35:25.484459Z INFO kernel: [ 0.620041] Registering esdfs 0.2
2022-12-04T18:35:25.484459Z INFO kernel: [ 0.620078] alt_syscall: table 'read_write_test' available.
2022-12-04T18:35:25.484460Z INFO kernel: [ 0.620084] alt_syscall: table 'android' available.
2022-12-04T18:35:25.484461Z INFO kernel: [ 0.620091] alt_syscall: table 'android_permissive' available.
2022-12-04T18:35:25.484461Z INFO kernel: [ 0.620096] alt_syscall: table 'third_party' available.
2022-12-04T18:35:25.484464Z INFO kernel: [ 0.620100] alt_syscall: table 'third_party_permissive' available.
2022-12-04T18:35:25.484464Z INFO kernel: [ 0.620104] alt_syscall: table 'complete' available.
2022-12-04T18:35:25.484465Z INFO kernel: [ 0.620108] alt_syscall: table 'complete_permissive' available.
2022-12-04T18:35:25.484466Z NOTICE kernel: [ 0.626544] Key type asymmetric registered
2022-12-04T18:35:25.484466Z NOTICE kernel: [ 0.626545] Asymmetric key parser 'x509' registered
2022-12-04T18:35:25.484467Z INFO kernel: [ 0.626551] Block layer SCSI generic (bsg) driver version 0.4 loaded (major 248)
2022-12-04T18:35:25.484469Z INFO kernel: [ 0.626552] io scheduler mq-deadline registered
2022-12-04T18:35:25.484470Z INFO kernel: [ 0.626553] io scheduler kyber registered
2022-12-04T18:35:25.484471Z INFO kernel: [ 0.626560] io scheduler bfq registered
2022-12-04T18:35:25.484471Z DEBUG kernel: [ 0.626762] gpiochip_find_base: found new base at 200
2022-12-04T18:35:25.484472Z DEBUG kernel: [ 0.628611] gpio gpiochip0: (INT34BB:00): created GPIO range 0->24 ==> INT34BB:00 PIN 0->24
2022-12-04T18:35:25.484473Z DEBUG kernel: [ 0.628612] gpio gpiochip0: (INT34BB:00): created GPIO range 32->57 ==> INT34BB:00 PIN 25->50
2022-12-04T18:35:25.484473Z DEBUG kernel: [ 0.628613] gpio gpiochip0: (INT34BB:00): created GPIO range 64->71 ==> INT34BB:00 PIN 51->58
2022-12-04T18:35:25.484554Z DEBUG kernel: [ 0.628614] gpio gpiochip0: (INT34BB:00): created GPIO range 96->120 ==> INT34BB:00 PIN 68->92
2022-12-04T18:35:25.484554Z DEBUG kernel: [ 0.628615] gpio gpiochip0: (INT34BB:00): created GPIO range 128->151 ==> INT34BB:00 PIN 93->116
2022-12-04T18:35:25.484555Z DEBUG kernel: [ 0.628617] gpio gpiochip0: (INT34BB:00): created GPIO range 160->183 ==> INT34BB:00 PIN 117->140
2022-12-04T18:35:25.484556Z DEBUG kernel: [ 0.628618] gpio gpiochip0: (INT34BB:00): created GPIO range 192->223 ==> INT34BB:00 PIN 141->172
2022-12-04T18:35:25.484556Z DEBUG kernel: [ 0.628619] gpio gpiochip0: (INT34BB:00): created GPIO range 224->231 ==> INT34BB:00 PIN 173->180
2022-12-04T18:35:25.484557Z DEBUG kernel: [ 0.628620] gpio gpiochip0: (INT34BB:00): created GPIO range 256->279 ==> INT34BB:00 PIN 181->204
2022-12-04T18:35:25.484559Z DEBUG kernel: [ 0.628621] gpio gpiochip0: (INT34BB:00): created GPIO range 288->311 ==> INT34BB:00 PIN 205->228
2022-12-04T18:35:25.484560Z DEBUG kernel: [ 0.628651] gpio gpiochip0: (INT34BB:00): added GPIO chardev (254:0)
2022-12-04T18:35:25.484561Z DEBUG kernel: [ 0.628661] gpio gpiochip0: registered GPIOs 200 to 511 on INT34BB:00
2022-12-04T18:35:25.484561Z INFO kernel: [ 0.628685] pci 0000:00:1c.0: attach allowed to drvr pcieport [internal device]
2022-12-04T18:35:25.484562Z INFO kernel: [ 0.628755] pcieport 0000:00:1c.0: PME: Signaling with IRQ 120
2022-12-04T18:35:25.484563Z INFO kernel: [ 0.628811] pci 0000:00:1c.4: attach allowed to drvr pcieport [internal device]
2022-12-04T18:35:25.484563Z INFO kernel: [ 0.629010] pcieport 0000:00:1c.4: PME: Signaling with IRQ 121
2022-12-04T18:35:25.484565Z INFO kernel: [ 0.629052] pcieport 0000:00:1c.4: AER: enabled with IRQ 121
2022-12-04T18:35:25.484566Z INFO kernel: [ 0.629107] pci 0000:00:1d.0: attach allowed to drvr pcieport [internal device]
2022-12-04T18:35:25.484567Z INFO kernel: [ 0.629231] pcieport 0000:00:1d.0: PME: Signaling with IRQ 122
2022-12-04T18:35:25.484567Z INFO kernel: [ 0.629277] pci 0000:00:1d.1: attach allowed to drvr pcieport [internal device]
2022-12-04T18:35:25.484568Z INFO kernel: [ 0.629403] pcieport 0000:00:1d.1: PME: Signaling with IRQ 123
2022-12-04T18:35:25.484569Z INFO kernel: [ 0.629446] pci 0000:00:1d.4: attach allowed to drvr pcieport [internal device]
2022-12-04T18:35:25.484571Z INFO kernel: [ 0.629578] pcieport 0000:00:1d.4: PME: Signaling with IRQ 124
2022-12-04T18:35:25.484572Z INFO kernel: [ 0.629618] pcieport 0000:00:1d.4: AER: enabled with IRQ 124
2022-12-04T18:35:25.484572Z DEBUG kernel: [ 0.629703] intel_idle: MWAIT substates: 0x11142120
2022-12-04T18:35:25.484573Z DEBUG kernel: [ 0.629704] intel_idle: v0.5.1 model 0x8E
2022-12-04T18:35:25.484574Z DEBUG kernel: [ 0.629884] intel_idle: Local APIC timer is reliable in all C-states
2022-12-04T18:35:25.484574Z INFO kernel: [ 0.630038] ACPI: AC Adapter [ACAD] (on-line)
2022-12-04T18:35:25.484576Z INFO kernel: [ 0.630078] input: Power Button as /devices/LNXSYSTM:00/LNXSYBUS:00/PNP0C0C:00/input/input0
2022-12-04T18:35:25.484577Z INFO kernel: [ 0.630089] ACPI: Power Button [PWRB]
2022-12-04T18:35:25.484578Z INFO kernel: [ 0.630106] input: Sleep Button as /devices/LNXSYSTM:00/LNXSYBUS:00/PNP0C0E:00/input/input1
2022-12-04T18:35:25.484578Z INFO kernel: [ 0.630115] ACPI: Sleep Button [SLPB]
2022-12-04T18:35:25.484579Z INFO kernel: [ 0.630132] input: Lid Switch as /devices/LNXSYSTM:00/LNXSYBUS:00/PNP0C0D:00/input/input2
2022-12-04T18:35:25.484580Z INFO kernel: [ 0.630141] ACPI: Lid Switch [LID0]
2022-12-04T18:35:25.484580Z INFO kernel: [ 0.630157] input: Power Button as /devices/LNXSYSTM:00/LNXPWRBN:00/input/input3
2022-12-04T18:35:25.484583Z INFO kernel: [ 0.631557] ACPI: Power Button [PWRF]
2022-12-04T18:35:25.484583Z WARNING kernel: [ 0.632186] [Firmware Bug]: No valid trip found
2022-12-04T18:35:25.484584Z WARNING kernel: [ 0.632563] hpet_acpi_add: no address or irqs in _CRS
2022-12-04T18:35:25.484584Z INFO kernel: [ 0.632604] Non-volatile memory driver v1.3
2022-12-04T18:35:25.484585Z INFO kernel: [ 0.632653] Linux agpgart interface v0.103
2022-12-04T18:35:25.484586Z DEBUG kernel: [ 0.632723] acpi MSFT0101:00: GPIO: looking up 0 in _CRS
2022-12-04T18:35:25.484588Z INFO kernel: [ 0.632787] battery: ACPI: Battery Slot [BAT1] (battery present)
2022-12-04T18:35:25.484589Z INFO kernel: [ 0.633529] AMD-Vi: AMD IOMMUv2 functionality not available on this system - This is not a bug.
2022-12-04T18:35:25.484589Z INFO kernel: [ 0.640955] ACPI: bus type drm_connector registered
2022-12-04T18:35:25.484590Z INFO kernel: [ 0.641938] loop: module loaded
2022-12-04T18:35:25.484591Z INFO kernel: [ 0.641988] lkdtm: No crash points registered, enable through debugfs
2022-12-04T18:35:25.484591Z INFO kernel: [ 0.642155] pci 0000:05:00.0: attach allowed to drvr nvme [internal device]
2022-12-04T18:35:25.484592Z INFO kernel: [ 0.642213] nvme nvme0: pci function 0000:05:00.0
2022-12-04T18:35:25.484594Z INFO kernel: [ 0.642230] pci 0000:00:17.0: attach allowed to drvr ahci [internal device]
2022-12-04T18:35:25.484595Z DEBUG kernel: [ 0.642235] ahci 0000:00:17.0: version 3.0
2022-12-04T18:35:25.484595Z INFO kernel: [ 0.642773] ahci 0000:00:17.0: AHCI 0001.0301 32 slots 2 ports 6 Gbps 0x3 impl SATA mode
2022-12-04T18:35:25.484596Z INFO kernel: [ 0.642780] ahci 0000:00:17.0: flags: 64bit ncq sntf pm clo only pio slum part deso sadm sds apst
2022-12-04T18:35:25.484597Z INFO kernel: [ 0.643315] scsi host0: ahci
2022-12-04T18:35:25.484597Z INFO kernel: [ 0.643389] scsi host1: ahci
2022-12-04T18:35:25.484599Z INFO kernel: [ 0.643419] ata1: SATA max UDMA/133 abar m2048@0xb451e000 port 0xb451e100 irq 125
2022-12-04T18:35:25.484600Z INFO kernel: [ 0.643422] ata2: SATA max UDMA/133 abar m2048@0xb451e000 port 0xb451e180 irq 125
2022-12-04T18:35:25.484601Z INFO kernel: [ 0.643486] PPP generic driver version 2.4.2
2022-12-04T18:35:25.484602Z INFO kernel: [ 0.643517] PPP MPPE Compression module registered
2022-12-04T18:35:25.484602Z INFO kernel: [ 0.643545] ehci_hcd: USB 2.0 'Enhanced' Host Controller (EHCI) Driver
2022-12-04T18:35:25.484603Z INFO kernel: [ 0.643546] ehci-pci: EHCI PCI platform driver
2022-12-04T18:35:25.484605Z INFO kernel: [ 0.643566] ohci_hcd: USB 1.1 'Open' Host Controller (OHCI) Driver
2022-12-04T18:35:25.484606Z INFO kernel: [ 0.643567] ohci-pci: OHCI PCI platform driver
2022-12-04T18:35:25.484606Z INFO kernel: [ 0.643572] uhci_hcd: USB Universal Host Controller Interface driver
2022-12-04T18:35:25.484607Z INFO kernel: [ 0.643583] pci 0000:00:14.0: attach allowed to drvr xhci_hcd [internal device]
2022-12-04T18:35:25.484608Z INFO kernel: [ 0.643712] xhci_hcd 0000:00:14.0: xHCI Host Controller
2022-12-04T18:35:25.484608Z INFO kernel: [ 0.643733] xhci_hcd 0000:00:14.0: new USB bus registered, assigned bus number 1
2022-12-04T18:35:25.484609Z INFO kernel: [ 0.644814] xhci_hcd 0000:00:14.0: hcc params 0x200077c1 hci version 0x110 quirks 0x0000000000009810
2022-12-04T18:35:25.484611Z INFO kernel: [ 0.644817] xhci_hcd 0000:00:14.0: cache line size of 64 is not supported
2022-12-04T18:35:25.484612Z INFO kernel: [ 0.644952] usb usb1: New USB device found, idVendor=1d6b, idProduct=0002, bcdDevice= 5.10
2022-12-04T18:35:25.484613Z INFO kernel: [ 0.644953] usb usb1: New USB device strings: Mfr=3, Product=2, SerialNumber=1
2022-12-04T18:35:25.484613Z INFO kernel: [ 0.644954] usb usb1: Product: xHCI Host Controller
2022-12-04T18:35:25.484614Z INFO kernel: [ 0.644955] usb usb1: Manufacturer: Linux 5.10.133-15812-gbb55053cbec3-dirty xhci-hcd
2022-12-04T18:35:25.484615Z INFO kernel: [ 0.644956] usb usb1: SerialNumber: 0000:00:14.0
2022-12-04T18:35:25.484618Z INFO kernel: [ 0.645016] hub 1-0:1.0: USB hub found
2022-12-04T18:35:25.484619Z INFO kernel: [ 0.645031] hub 1-0:1.0: 12 ports detected
2022-12-04T18:35:25.484620Z INFO kernel: [ 0.645745] xhci_hcd 0000:00:14.0: xHCI Host Controller
2022-12-04T18:35:25.484620Z INFO kernel: [ 0.645765] xhci_hcd 0000:00:14.0: new USB bus registered, assigned bus number 2
2022-12-04T18:35:25.484621Z INFO kernel: [ 0.645766] xhci_hcd 0000:00:14.0: Host supports USB 3.1 Enhanced SuperSpeed
2022-12-04T18:35:25.484622Z INFO kernel: [ 0.645787] usb usb2: New USB device found, idVendor=1d6b, idProduct=0003, bcdDevice= 5.10
2022-12-04T18:35:25.484625Z INFO kernel: [ 0.645788] usb usb2: New USB device strings: Mfr=3, Product=2, SerialNumber=1
2022-12-04T18:35:25.484625Z INFO kernel: [ 0.645789] usb usb2: Product: xHCI Host Controller
2022-12-04T18:35:25.484626Z INFO kernel: [ 0.645790] usb usb2: Manufacturer: Linux 5.10.133-15812-gbb55053cbec3-dirty xhci-hcd
2022-12-04T18:35:25.484627Z INFO kernel: [ 0.645791] usb usb2: SerialNumber: 0000:00:14.0
2022-12-04T18:35:25.484627Z INFO kernel: [ 0.645840] hub 2-0:1.0: USB hub found
2022-12-04T18:35:25.484628Z INFO kernel: [ 0.645851] hub 2-0:1.0: 6 ports detected
2022-12-04T18:35:25.484629Z INFO kernel: [ 0.646177] usbcore: registered new interface driver cdc_acm
2022-12-04T18:35:25.484631Z INFO kernel: [ 0.646178] cdc_acm: USB Abstract Control Model driver for USB modems and ISDN adapters
2022-12-04T18:35:25.484632Z INFO kernel: [ 0.646243] usbcore: registered new interface driver uas
2022-12-04T18:35:25.484632Z INFO kernel: [ 0.646253] usbcore: registered new interface driver usb-storage
2022-12-04T18:35:25.484633Z INFO kernel: [ 0.646257] usbcore: registered new interface driver ums-realtek
2022-12-04T18:35:25.484634Z INFO kernel: [ 0.646267] usbcore: registered new interface driver usbserial_generic
2022-12-04T18:35:25.484634Z INFO kernel: [ 0.646270] usbserial: USB Serial support registered for generic
2022-12-04T18:35:25.484636Z INFO kernel: [ 0.646300] i8042: PNP: PS/2 Controller [PNP0303:PS2K] at 0x60,0x64 irq 1
2022-12-04T18:35:25.484637Z WARNING kernel: [ 0.646301] i8042: PNP: PS/2 appears to have AUX port disabled, if this is incorrect please boot with i8042.nopnp
2022-12-04T18:35:25.484638Z WARNING kernel: [ 0.646730] nvme nvme0: missing or invalid SUBNQN field.
2022-12-04T18:35:25.484639Z INFO kernel: [ 0.646744] nvme nvme0: Shutdown timeout set to 10 seconds
2022-12-04T18:35:25.484639Z INFO kernel: [ 0.647148] nvme nvme0: 4/0/0 default/read/poll queues
2022-12-04T18:35:25.484640Z INFO kernel: [ 0.647725] serio: i8042 KBD port at 0x60,0x64 irq 1
2022-12-04T18:35:25.484642Z INFO kernel: [ 0.647936] rtc_cmos 00:04: RTC can wake from S4
2022-12-04T18:35:25.484643Z INFO kernel: [ 0.648045] nvme0n1: p1 p2 p3 p4
2022-12-04T18:35:25.484643Z INFO kernel: [ 0.648728] rtc_cmos 00:04: registered as rtc0
2022-12-04T18:35:25.484644Z DEBUG kernel: [ 0.648730] rtc_cmos 00:04: GPIO lookup for consumer wp
2022-12-04T18:35:25.484645Z DEBUG kernel: [ 0.648731] rtc_cmos 00:04: using ACPI for GPIO lookup
2022-12-04T18:35:25.484645Z DEBUG kernel: [ 0.648739] acpi PNP0B00:00: GPIO: looking up wp-gpios
2022-12-04T18:35:25.484646Z DEBUG kernel: [ 0.648745] acpi PNP0B00:00: GPIO: looking up wp-gpio
2022-12-04T18:35:25.484648Z DEBUG kernel: [ 0.648748] rtc_cmos 00:04: using lookup tables for GPIO lookup
2022-12-04T18:35:25.484649Z DEBUG kernel: [ 0.648751] rtc_cmos 00:04: No GPIO consumer wp found
2022-12-04T18:35:25.484650Z INFO kernel: [ 0.648764] rtc_cmos 00:04: alarms up to one month, y3k, 242 bytes nvram
2022-12-04T18:35:25.484650Z INFO kernel: [ 0.648771] i2c /dev entries driver
2022-12-04T18:35:25.484651Z INFO kernel: [ 0.648779] pci 0000:00:1f.4: attach allowed to drvr i801_smbus [internal device]
2022-12-04T18:35:25.484652Z INFO kernel: [ 0.648929] i801_smbus 0000:00:1f.4: SPD Write Disable is set
2022-12-04T18:35:25.484654Z INFO kernel: [ 0.648983] i801_smbus 0000:00:1f.4: SMBus using PCI interrupt
2022-12-04T18:35:25.484654Z INFO kernel: [ 0.649504] i2c i2c-0: 1/2 memory slots populated (from DMI)
2022-12-04T18:35:25.484655Z INFO kernel: [ 0.649922] i2c i2c-0: Successfully instantiated SPD at 0x50
2022-12-04T18:35:25.484656Z INFO kernel: [ 0.649952] IR NEC protocol handler initialized
2022-12-04T18:35:25.484656Z INFO kernel: [ 0.649953] IR RC5(x/sz) protocol handler initialized
2022-12-04T18:35:25.484657Z INFO kernel: [ 0.649954] IR RC6 protocol handler initialized
2022-12-04T18:35:25.484739Z INFO kernel: [ 0.649955] IR JVC protocol handler initialized
2022-12-04T18:35:25.484740Z INFO kernel: [ 0.649956] IR Sony protocol handler initialized
2022-12-04T18:35:25.484740Z INFO kernel: [ 0.649956] IR SANYO protocol handler initialized
2022-12-04T18:35:25.484741Z INFO kernel: [ 0.649957] IR Sharp protocol handler initialized
2022-12-04T18:35:25.484742Z INFO kernel: [ 0.649958] IR MCE Keyboard/mouse protocol handler initialized
2022-12-04T18:35:25.484743Z INFO kernel: [ 0.649959] IR XMP protocol handler initialized
2022-12-04T18:35:25.484743Z INFO kernel: [ 0.650142] iTCO_wdt: Intel TCO WatchDog Timer Driver v1.11
2022-12-04T18:35:25.484745Z INFO kernel: [ 0.650165] iTCO_wdt: Found a Intel PCH TCO device (Version=6, TCOBASE=0x0400)
2022-12-04T18:35:25.484746Z INFO kernel: [ 0.650214] iTCO_wdt: initialized. heartbeat=30 sec (nowayout=0)
2022-12-04T18:35:25.484747Z INFO kernel: [ 0.650220] iTCO_vendor_support: vendor-support=0
2022-12-04T18:35:25.484747Z INFO kernel: [ 0.650259] device-mapper: ioctl: 4.43.0-ioctl (2020-10-01) initialised: dm-devel@redhat.com
2022-12-04T18:35:25.484748Z INFO kernel: [ 0.650284] device-mapper: verity-chromeos: dm-verity-chromeos registered
2022-12-04T18:35:25.484749Z INFO kernel: [ 0.650287] intel_pstate: Intel P-state driver initializing
2022-12-04T18:35:25.484751Z INFO kernel: [ 0.650408] intel_pstate: HWP enabled
2022-12-04T18:35:25.484751Z INFO kernel: [ 0.650418] sdhci: Secure Digital Host Controller Interface driver
2022-12-04T18:35:25.484752Z INFO kernel: [ 0.650419] sdhci: Copyright(c) Pierre Ossman
2022-12-04T18:35:25.484753Z ERR kernel: [ 0.650529] Driver 'memconsole' was unable to register with bus_type 'coreboot' because the bus was not initialized.
2022-12-04T18:35:25.484754Z ERR kernel: [ 0.650530] Driver 'vpd' was unable to register with bus_type 'coreboot' because the bus was not initialized.
2022-12-04T18:35:25.484755Z INFO kernel: [ 0.650531] EFI Variables Facility v0.08 2004-May-17
2022-12-04T18:35:25.484757Z INFO kernel: [ 0.657066] input: AT Translated Set 2 keyboard as /devices/platform/i8042/serio0/input/input4
2022-12-04T18:35:25.484758Z INFO kernel: [ 0.721283] pstore: Registered efi as persistent store backend
2022-12-04T18:35:25.484758Z INFO kernel: [ 0.721300] hid: raw HID events driver (C) Jiri Kosina
2022-12-04T18:35:25.484759Z INFO kernel: [ 0.721380] usbcore: registered new interface driver usbhid
2022-12-04T18:35:25.484760Z INFO kernel: [ 0.721381] usbhid: USB HID core driver
2022-12-04T18:35:25.484760Z INFO kernel: [ 0.721418] ashmem: initialized
2022-12-04T18:35:25.484761Z INFO kernel: [ 0.721479] intel_pmc_core INT33A1:00: initialized
2022-12-04T18:35:25.484763Z ERR kernel: [ 0.721865] cros_ec_lpcs: unsupported system.
2022-12-04T18:35:25.484764Z INFO kernel: [ 0.721922] intel_rapl_common: Found RAPL domain package
2022-12-04T18:35:25.484764Z INFO kernel: [ 0.721924] intel_rapl_common: Found RAPL domain core
2022-12-04T18:35:25.484765Z INFO kernel: [ 0.721925] intel_rapl_common: Found RAPL domain uncore
2022-12-04T18:35:25.484766Z INFO kernel: [ 0.721926] intel_rapl_common: Found RAPL domain dram
2022-12-04T18:35:25.484766Z INFO kernel: [ 0.721927] intel_rapl_common: Found RAPL domain psys
2022-12-04T18:35:25.484769Z INFO kernel: [ 0.722180] GACT probability NOT on
2022-12-04T18:35:25.484769Z INFO kernel: [ 0.722348] xt_time: kernel timezone is -0000
2022-12-04T18:35:25.484770Z INFO kernel: [ 0.722411] Initializing XFRM netlink socket
2022-12-04T18:35:25.484771Z INFO kernel: [ 0.722465] NET: Registered protocol family 10
2022-12-04T18:35:25.484771Z INFO kernel: [ 0.722620] Segment Routing with IPv6
2022-12-04T18:35:25.484772Z INFO kernel: [ 0.722656] NET: Registered protocol family 17
2022-12-04T18:35:25.484774Z INFO kernel: [ 0.722664] NET: Registered protocol family 15
2022-12-04T18:35:25.484775Z INFO kernel: [ 0.722858] microcode: sig=0x806ec, pf=0x4, revision=0xca
2022-12-04T18:35:25.484775Z INFO kernel: [ 0.722886] microcode: Microcode Update Driver: v2.2.
2022-12-04T18:35:25.484776Z INFO kernel: [ 0.722888] IPI shorthand broadcast: enabled
2022-12-04T18:35:25.484777Z INFO kernel: [ 0.722893] AVX2 version of gcm_enc/dec engaged.
2022-12-04T18:35:25.484777Z INFO kernel: [ 0.722905] AES CTR mode by8 optimization enabled
2022-12-04T18:35:25.484778Z INFO kernel: [ 0.723153] sched_clock: Marking stable (717582080, 5569346)->(740745356, -17593930)
2022-12-04T18:35:25.484780Z INFO kernel: [ 0.723188] registered taskstats version 1
2022-12-04T18:35:25.484781Z NOTICE kernel: [ 0.723190] Loading compiled-in X.509 certificates
2022-12-04T18:35:25.484782Z NOTICE kernel: [ 0.723211] Key type ._fscrypt registered
2022-12-04T18:35:25.484782Z NOTICE kernel: [ 0.723212] Key type .fscrypt registered
2022-12-04T18:35:25.484783Z NOTICE kernel: [ 0.723213] Key type fscrypt-provisioning registered
2022-12-04T18:35:25.484783Z INFO kernel: [ 0.723258] pstore: Using crash dump compression: deflate
2022-12-04T18:35:25.484786Z NOTICE kernel: [ 0.723383] Key type encrypted registered
2022-12-04T18:35:25.484786Z INFO kernel: [ 0.724118] PM: Magic number: 2:277:594
2022-12-04T18:35:25.484787Z INFO kernel: [ 0.724235] ALSA device list:
2022-12-04T18:35:25.484788Z INFO kernel: [ 0.724236] No soundcards found.
2022-12-04T18:35:25.484788Z ERR kernel: [ 0.724243] Warning: unable to open an initial console. Fallback to ttynull.
2022-12-04T18:35:25.484789Z INFO kernel: [ 0.724246] printk: console [ttynull0] enabled
2022-12-04T18:35:25.484790Z INFO kernel: [ 0.888716] usb 1-4: new high-speed USB device number 2 using xhci_hcd
2022-12-04T18:35:25.484793Z INFO kernel: [ 0.956542] ata2: SATA link down (SStatus 4 SControl 300)
2022-12-04T18:35:25.484793Z INFO kernel: [ 0.956573] ata1: SATA link down (SStatus 4 SControl 300)
2022-12-04T18:35:25.484794Z INFO kernel: [ 0.958296] Freeing unused kernel image (initmem) memory: 1620K
2022-12-04T18:35:25.484795Z INFO kernel: [ 0.958302] Write protecting the kernel read-only data: 20480k
2022-12-04T18:35:25.484795Z INFO kernel: [ 0.959175] Freeing unused kernel image (text/rodata gap) memory: 2032K
2022-12-04T18:35:25.484796Z INFO kernel: [ 0.959460] Freeing unused kernel image (rodata/data gap) memory: 596K
2022-12-04T18:35:25.484798Z INFO kernel: [ 0.959474] Run /init as init process
2022-12-04T18:35:25.484799Z DEBUG kernel: [ 0.959476] with arguments:
2022-12-04T18:35:25.484800Z DEBUG kernel: [ 0.959477] /init
2022-12-04T18:35:25.484800Z DEBUG kernel: [ 0.959478] noresume
2022-12-04T18:35:25.484801Z DEBUG kernel: [ 0.959480] noswap
2022-12-04T18:35:25.484802Z DEBUG kernel: [ 0.959481] cros_efi
2022-12-04T18:35:25.484804Z DEBUG kernel: [ 0.959482] cros_debug
2022-12-04T18:35:25.484804Z DEBUG kernel: [ 0.959483] fydeos_dualboot
2022-12-04T18:35:25.484805Z DEBUG kernel: [ 0.959484] with environment:
2022-12-04T18:35:25.484806Z DEBUG kernel: [ 0.959485] HOME=/
2022-12-04T18:35:25.484806Z DEBUG kernel: [ 0.959487] TERM=linux
2022-12-04T18:35:25.484807Z DEBUG kernel: [ 0.959488] BOOT_IMAGE=(loopdev,gpt12)/syslinux/vmlinuz.A
2022-12-04T18:35:25.484807Z DEBUG kernel: [ 0.959489] boot=local
2022-12-04T18:35:25.484809Z WARNING kernel: [ 0.980856] /sbin/bootstrap.sh: Finding best TTY from null...
2022-12-04T18:35:25.484810Z WARNING kernel: [ 0.983185] /sbin/bootstrap.sh: TTY=/dev/null LOG= INFO= DEBUG=
2022-12-04T18:35:25.484811Z INFO kernel: [ 1.015632] usb 1-4: New USB device found, idVendor=090c, idProduct=1000, bcdDevice=11.00
2022-12-04T18:35:25.484811Z INFO kernel: [ 1.015638] usb 1-4: New USB device strings: Mfr=1, Product=2, SerialNumber=3
2022-12-04T18:35:25.484812Z INFO kernel: [ 1.015640] usb 1-4: Product: Flash Drive
2022-12-04T18:35:25.484812Z INFO kernel: [ 1.015642] usb 1-4: Manufacturer: Samsung
2022-12-04T18:35:25.484814Z INFO kernel: [ 1.015644] usb 1-4: SerialNumber: 0374820110013718
2022-12-04T18:35:25.484815Z INFO kernel: [ 1.016784] usb-storage 1-4:1.0: USB Mass Storage device detected
2022-12-04T18:35:25.484815Z INFO kernel: [ 1.016874] usb-storage 1-4:1.0: Quirks match for vid 090c pid 1000: 400
2022-12-04T18:35:25.484816Z INFO kernel: [ 1.016911] scsi host2: usb-storage 1-4:1.0
2022-12-04T18:35:25.484816Z INFO kernel: [ 1.058607] EXT4-fs (nvme0n1p3): mounted filesystem with ordered data mode. Opts: (null)
2022-12-04T18:35:25.484817Z INFO kernel: [ 1.126046] EXT4-fs (loop0p3): mounting ext2 file system using the ext4 subsystem
2022-12-04T18:35:25.484818Z INFO kernel: [ 1.127196] EXT4-fs (loop0p3): mounted filesystem without journal. Opts: (null)
2022-12-04T18:35:25.484820Z INFO kernel: [ 1.130508] usb 1-5: new high-speed USB device number 3 using xhci_hcd
2022-12-04T18:35:25.484821Z INFO kernel: [ 1.219114] SELinux: Permission perfmon in class capability2 not defined in policy.
2022-12-04T18:35:25.484821Z INFO kernel: [ 1.219120] SELinux: Permission bpf in class capability2 not defined in policy.
2022-12-04T18:35:25.484822Z INFO kernel: [ 1.219122] SELinux: Permission checkpoint_restore in class capability2 not defined in policy.
2022-12-04T18:35:25.484822Z INFO kernel: [ 1.219131] SELinux: Permission perfmon in class cap2_userns not defined in policy.
2022-12-04T18:35:25.484823Z INFO kernel: [ 1.219133] SELinux: Permission bpf in class cap2_userns not defined in policy.
2022-12-04T18:35:25.484825Z INFO kernel: [ 1.219135] SELinux: Permission checkpoint_restore in class cap2_userns not defined in policy.
2022-12-04T18:35:25.484826Z INFO kernel: [ 1.219172] SELinux: the above unknown classes and permissions will be allowed
2022-12-04T18:35:25.484827Z INFO kernel: [ 1.221371] SELinux: policy capability network_peer_controls=1
2022-12-04T18:35:25.484827Z INFO kernel: [ 1.221374] SELinux: policy capability open_perms=1
2022-12-04T18:35:25.484828Z INFO kernel: [ 1.221376] SELinux: policy capability extended_socket_class=1
2022-12-04T18:35:25.484829Z INFO kernel: [ 1.221377] SELinux: policy capability always_check_network=0
2022-12-04T18:35:25.484831Z INFO kernel: [ 1.221379] SELinux: policy capability cgroup_seclabel=0
2022-12-04T18:35:25.484868Z INFO kernel: [ 1.221381] SELinux: policy capability nnp_nosuid_transition=1
2022-12-04T18:35:25.484869Z INFO kernel: [ 1.221383] SELinux: policy capability genfs_seclabel_symlinks=0
2022-12-04T18:35:25.484870Z INFO kernel: [ 1.221385] SELinux: policy capability ioctl_skip_cloexec=0
2022-12-04T18:35:25.484871Z NOTICE kernel: [ 1.271673] audit: type=1403 audit(1670178923.127:2): auid=4294967295 ses=4294967295 lsm=selinux res=1
2022-12-04T18:35:25.484871Z NOTICE kernel: [ 1.276667] audit: type=1400 audit(1670178923.132:3): avc: denied { read } for pid=1 comm="init" name="/" dev="devpts" ino=1 scontext=u:r:kernel:s0 tcontext=u:object_r:devpts:s0 tclass=dir permissive=1
2022-12-04T18:35:25.484872Z NOTICE kernel: [ 1.276673] audit: type=1400 audit(1670178923.132:4): avc: denied { open } for pid=1 comm="init" path="/dev/pts" dev="devpts" ino=1 scontext=u:r:kernel:s0 tcontext=u:object_r:devpts:s0 tclass=dir permissive=1
2022-12-04T18:35:25.484873Z NOTICE kernel: [ 1.276676] audit: type=1400 audit(1670178923.132:5): avc: denied { getattr } for pid=1 comm="init" path="/dev/pts/ptmx" dev="devpts" ino=2 scontext=u:r:kernel:s0 tcontext=u:object_r:devpts:s0 tclass=chr_file permissive=1
2022-12-04T18:35:25.484874Z INFO kernel: [ 1.277536] usb 1-5: New USB device found, idVendor=0408, idProduct=a031, bcdDevice= 0.06
2022-12-04T18:35:25.484874Z INFO kernel: [ 1.277540] usb 1-5: New USB device strings: Mfr=3, Product=1, SerialNumber=2
2022-12-04T18:35:25.484875Z INFO kernel: [ 1.277543] usb 1-5: Product: VGA WebCam
2022-12-04T18:35:25.484876Z INFO kernel: [ 1.277545] usb 1-5: Manufacturer: Quanta
2022-12-04T18:35:25.484876Z INFO kernel: [ 1.277546] usb 1-5: SerialNumber: 0x0001
2022-12-04T18:35:25.484877Z NOTICE kernel: [ 1.278818] audit: type=1400 audit(1670178923.134:6): avc: denied { relabelfrom } for pid=1 comm="init" name="/" dev="tmpfs" ino=1 scontext=u:r:kernel:s0 tcontext=u:object_r:tmpfs:s0 tclass=dir permissive=1
2022-12-04T18:35:25.484931Z NOTICE kernel: [ 1.278822] audit: type=1400 audit(1670178923.134:7): avc: denied { relabelto } for pid=1 comm="init" name="/" dev="tmpfs" ino=1 scontext=u:r:kernel:s0 tcontext=u:object_r:cros_run:s0 tclass=dir permissive=1
2022-12-04T18:35:25.484931Z NOTICE kernel: [ 1.278902] audit: type=1400 audit(1670178923.134:8): avc: denied { relabelto } for pid=1 comm="init" name="lock" dev="tmpfs" ino=2 scontext=u:r:kernel:s0 tcontext=u:object_r:cros_run_lock:s0 tclass=dir permissive=1
2022-12-04T18:35:25.484932Z NOTICE kernel: [ 1.280126] audit: type=1400 audit(1670178923.135:9): avc: denied { setattr } for pid=1 comm="init" name="lock" dev="tmpfs" ino=2 scontext=u:r:cros_init:s0 tcontext=u:object_r:cros_run_lock:s0 tclass=dir permissive=1
2022-12-04T18:35:25.484933Z NOTICE kernel: [ 1.280128] audit: type=1400 audit(1670178923.135:10): avc: denied { search } for pid=1 comm="init" name="features" dev="sysfs" ino=14264 scontext=u:r:cros_init:s0 tcontext=u:object_r:sysfs_fs_ext4_features:s0 tclass=dir permissive=1
2022-12-04T18:35:25.484934Z INFO kernel: [ 1.396523] usb 1-10: new full-speed USB device number 4 using xhci_hcd
2022-12-04T18:35:25.484934Z INFO kernel: [ 1.465059] udevd[326]: starting version 225
2022-12-04T18:35:25.484935Z INFO kernel: [ 1.472124] NMI watchdog: Enabled. Permanently consumes one hw-PMU counter.
2022-12-04T18:35:25.484936Z WARNING kernel: [ 1.485628] SafeSetID: insecure policy detected: uid 213 is constrained but transitively unconstrained through uid 425
2022-12-04T18:35:25.484936Z WARNING kernel: [ 1.485630] SafeSetID: insecure policy detected: uid 213 is constrained but transitively unconstrained through uid 304
2022-12-04T18:35:25.484937Z WARNING kernel: [ 1.485631] SafeSetID: insecure policy detected: uid 213 is constrained but transitively unconstrained through uid 307
2022-12-04T18:35:25.484938Z WARNING kernel: [ 1.485632] SafeSetID: insecure policy detected: uid 213 is constrained but transitively unconstrained through uid 300
2022-12-04T18:35:25.484939Z WARNING kernel: [ 1.485634] SafeSetID: insecure policy detected: uid 213 is constrained but transitively unconstrained through uid 305
2022-12-04T18:35:25.484939Z WARNING kernel: [ 1.485635] SafeSetID: insecure policy detected: uid 213 is constrained but transitively unconstrained through uid 309
2022-12-04T18:35:25.484940Z WARNING kernel: [ 1.485636] SafeSetID: insecure policy detected: uid 213 is constrained but transitively unconstrained through uid 308
2022-12-04T18:35:25.484941Z WARNING kernel: [ 1.485638] SafeSetID: insecure policy detected: uid 213 is constrained but transitively unconstrained through uid 312
2022-12-04T18:35:25.484942Z WARNING kernel: [ 1.485639] SafeSetID: insecure policy detected: uid 213 is constrained but transitively unconstrained through uid 302
2022-12-04T18:35:25.484943Z WARNING kernel: [ 1.485640] SafeSetID: insecure policy detected: uid 213 is constrained but transitively unconstrained through uid 311
2022-12-04T18:35:25.484943Z WARNING kernel: [ 1.485642] SafeSetID: insecure policy detected: uid 213 is constrained but transitively unconstrained through uid 1000
2022-12-04T18:35:25.484944Z INFO kernel: [ 1.524734] usb 1-10: New USB device found, idVendor=04ca, idProduct=3015, bcdDevice= 0.01
2022-12-04T18:35:25.484945Z INFO kernel: [ 1.524739] usb 1-10: New USB device strings: Mfr=0, Product=0, SerialNumber=0
2022-12-04T18:35:25.484945Z INFO kernel: [ 1.555022] LoadPin: loop0p3 (259:7): writable
2022-12-04T18:35:25.484946Z INFO kernel: [ 1.555028] LoadPin: enforcement can be disabled.
2022-12-04T18:35:25.484947Z NOTICE kernel: [ 1.555035] LoadPin: kernel-module pinned obj="/lib/modules/5.10.133-15812-gbb55053cbec3-dirty/kernel/drivers/gpu/drm/ttm/ttm.ko" pid=369 cmdline="udevd --daemon"
2022-12-04T18:35:25.484948Z NOTICE kernel: [ 1.590527] Setting dangerous option enable_guc - tainting kernel
2022-12-04T18:35:25.484948Z NOTICE kernel: [ 1.590532] Setting dangerous option enable_psr - tainting kernel
2022-12-04T18:35:25.484949Z INFO kernel: [ 1.590807] pci 0000:00:02.0: attach allowed to drvr i915 [internal device]
2022-12-04T18:35:25.484950Z INFO kernel: [ 1.592696] Bluetooth: bt_init() Core ver 2.22
2022-12-04T18:35:25.484950Z INFO kernel: [ 1.592720] NET: Registered protocol family 31
2022-12-04T18:35:25.484951Z INFO kernel: [ 1.592721] Bluetooth: bt_init() HCI device and connection manager initialized
2022-12-04T18:35:25.484952Z INFO kernel: [ 1.592725] Bluetooth: hci_sock_init() HCI socket layer initialized
2022-12-04T18:35:25.484952Z INFO kernel: [ 1.592727] Bluetooth: l2cap_init_sockets() L2CAP socket layer initialized
2022-12-04T18:35:25.484953Z INFO kernel: [ 1.592735] Bluetooth: sco_init() SCO socket layer initialized
2022-12-04T18:35:25.484954Z DEBUG kernel: [ 1.598885] usb 1-10: GPIO lookup for consumer reset
2022-12-04T18:35:25.484955Z DEBUG kernel: [ 1.598888] usb 1-10: using ACPI for GPIO lookup
2022-12-04T18:35:25.484955Z DEBUG kernel: [ 1.598890] acpi device:27: GPIO: looking up reset-gpios
2022-12-04T18:35:25.484956Z DEBUG kernel: [ 1.598892] acpi device:27: GPIO: looking up reset-gpio
2022-12-04T18:35:25.484957Z DEBUG kernel: [ 1.598893] usb 1-10: using lookup tables for GPIO lookup
2022-12-04T18:35:25.484957Z DEBUG kernel: [ 1.598895] usb 1-10: No GPIO consumer reset found
2022-12-04T18:35:25.484958Z INFO kernel: [ 1.598989] usbcore: registered new interface driver btusb
2022-12-04T18:35:25.484959Z INFO kernel: [ 1.600627] i915 0000:00:02.0: [drm] Finished loading DMC firmware i915/kbl_dmc_ver1_04.bin (v1.4)
2022-12-04T18:35:25.484959Z INFO kernel: [ 1.602125] Bluetooth: btusb_setup_qca_load_rampatch() hci0: using rampatch file: qca/rampatch_usb_00000302.bin
2022-12-04T18:35:25.484960Z INFO kernel: [ 1.602127] Bluetooth: btusb_setup_qca_load_rampatch() hci0: QCA: patch rome 0x302 build 0x3e8, firmware rome 0x302 build 0x111
2022-12-04T18:35:25.484961Z NOTICE kernel: [ 1.631031] i915 0000:00:02.0: [drm] [ENCODER:102:DDI B/PHY B] is disabled/in DSI mode with an ungated DDI clock, gate it
2022-12-04T18:35:25.484962Z INFO kernel: [ 1.647583] tsc: Refined TSC clocksource calibration: 2592.000 MHz
2022-12-04T18:35:25.484962Z INFO kernel: [ 1.647603] clocksource: tsc: mask: 0xffffffffffffffff max_cycles: 0x255cb6cc5db, max_idle_ns: 440795203504 ns
2022-12-04T18:35:25.484963Z INFO kernel: [ 1.647631] clocksource: Switched to clocksource tsc
2022-12-04T18:35:25.484964Z INFO kernel: [ 1.649382] EXT4-fs (loop0p1): mounted filesystem with ordered data mode. Opts: commit=600,discard
2022-12-04T18:35:25.484965Z INFO kernel: [ 1.650975] EXT4-fs (loop0p8): mounted filesystem with ordered data mode. Opts: (null)
2022-12-04T18:35:25.484965Z INFO kernel: [ 1.660111] EXT4-fs (loop0p1): re-mounted. Opts: discard,resgid=20119,commit=600
2022-12-04T18:35:25.484966Z INFO kernel: [ 1.670501] i915 0000:00:02.0: [drm] GuC firmware i915/kbl_guc_49.0.1.bin version 49.0 submission:disabled
2022-12-04T18:35:25.484967Z INFO kernel: [ 1.670504] i915 0000:00:02.0: [drm] HuC firmware i915/kbl_huc_4.0.0.bin version 4.0 authenticated:yes
2022-12-04T18:35:25.484967Z INFO kernel: [ 1.680731] [drm] Initialized i915 1.6.0 20201103 for 0000:00:02.0 on minor 0
2022-12-04T18:35:25.484968Z INFO kernel: [ 1.682392] ACPI: Video Device [GFX0] (multi-head: yes rom: no post: no)
2022-12-04T18:35:25.484969Z INFO kernel: [ 1.682686] input: Video Bus as /devices/LNXSYSTM:00/LNXSYBUS:00/PNP0A08:00/LNXVIDEO:00/input/input5
2022-12-04T18:35:25.484970Z WARNING kernel: [ 1.682800] [Firmware Bug]: ACPI(PXSX) defines _DOD but not _DOS
2022-12-04T18:35:25.484970Z INFO kernel: [ 1.682809] ACPI: Video Device [PXSX] (multi-head: yes rom: yes post: no)
2022-12-04T18:35:25.484971Z INFO kernel: [ 1.682841] input: Video Bus as /devices/LNXSYSTM:00/LNXSYBUS:00/PNP0A08:00/device:42/LNXVIDEO:01/input/input6
2022-12-04T18:35:25.484972Z INFO kernel: [ 1.692593] i915 0000:00:02.0: [drm] fb0: i915 frame buffer device
2022-12-04T18:35:25.484972Z INFO kernel: [ 1.776369] frecon[484]: Frecon using drm driver i915, version 1.6, date(20201103), desc(Intel Graphics) using atomic
2022-12-04T18:35:25.484973Z INFO kernel: [ 1.960815] Bluetooth: btusb_setup_qca_load_nvm() hci0: using NVM file: qca/nvm_usb_00000302.bin
2022-12-04T18:35:25.484974Z NOTICE kernel: [ 2.395389] scsi 2:0:0:0: Direct-Access Samsung Flash Drive 1100 PQ: 0 ANSI: 6
2022-12-04T18:35:25.484975Z NOTICE kernel: [ 2.396110] sd 2:0:0:0: [sda] 62656641 512-byte logical blocks: (32.1 GB/29.9 GiB)
2022-12-04T18:35:25.484975Z NOTICE kernel: [ 2.396228] sd 2:0:0:0: [sda] Write Protect is off
2022-12-04T18:35:25.484976Z DEBUG kernel: [ 2.396230] sd 2:0:0:0: [sda] Mode Sense: 43 00 00 00
2022-12-04T18:35:25.484977Z NOTICE kernel: [ 2.396349] sd 2:0:0:0: [sda] Write cache: enabled, read cache: enabled, doesn't support DPO or FUA
2022-12-04T18:35:25.484977Z INFO kernel: [ 3.242850] EXT4-fs (dm-0): mounted filesystem with ordered data mode. Opts: discard,commit=600
2022-12-04T18:35:25.484978Z INFO kernel: [ 3.543044] EXT4-fs (loop0p1): re-mounted. Opts: discard,resgid=20119,commit=600
2022-12-04T18:35:25.484979Z INFO kernel: [ 3.593223] low_mem: threshold[0] 404 MB
2022-12-04T18:35:25.484979Z INFO kernel: [ 3.593226] low_mem: threshold[1] 3114 MB
2022-12-04T18:35:25.487016Z INFO kernel: [ 3.629780] overlayfs: "xino" feature enabled using 32 upper inode bits.
2022-12-04T18:35:25.498121Z INFO kernel: [ 3.640958] zram: Added device: zram0
2022-12-04T18:35:25.503502Z INFO crash_reporter[780]: Enabling user crash handling
2022-12-04T18:35:25.531653Z NOTICE fydeos-shell-daemon[834]: shell daemon starting...
2022-12-04T18:35:25.608292Z NOTICE tpm-probe[936]: tpm is non-functional or tpm driver is missing
2022-12-04T18:35:25.634522Z ERR spaced[937]: Failed to run command: No such file or directory (2)
2022-12-04T18:35:25.634546Z ERR spaced[937]: Failed to get output from pvdisplay
2022-12-04T18:35:25.637618Z INFO tcsd[958]: TSS: Config file /etc/tcsd.conf not found, using defaults.
2022-12-04T18:35:25.637651Z ERR tcsd[958]: TSS: Could not find a device to open!
2022-12-04T18:35:25.668314Z INFO local_data_migration[982]: Read: the local data path does not exist.
2022-12-04T18:35:25.668356Z INFO local_data_migration[982]: Finished local data migration process successfully.
2022-12-04T18:35:25.671241Z INFO oobe_config_restore[992]: Starting oobe_config_restore daemon
2022-12-04T18:35:25.683079Z INFO bluetoothd[970]: Bluetooth daemon 5.54
2022-12-04T18:35:25.683187Z WARNING bluetoothd[970]: Unknown key MaxControllers for group General in /var/lib/bluetooth/main.conf
2022-12-04T18:35:25.683248Z INFO bluetoothd[970]: PageScanType=1(1)
2022-12-04T18:35:25.683254Z INFO bluetoothd[970]: PageScanInterval=1024(1024)
2022-12-04T18:35:25.683259Z INFO bluetoothd[970]: PageScanWindow=18(18)
2022-12-04T18:35:25.683272Z INFO bluetoothd[970]: EirMaxNameLength=180(180)
2022-12-04T18:35:25.683276Z INFO bluetoothd[970]: MinAdvertisementInterval=290(290)
2022-12-04T18:35:25.683281Z INFO bluetoothd[970]: MaxAdvertisementInterval=290(290)
2022-12-04T18:35:25.683288Z INFO bluetoothd[970]: ScanIntervalAutoConnect=588(588)
2022-12-04T18:35:25.683293Z INFO bluetoothd[970]: ScanWindowAutoConnect=60(60)
2022-12-04T18:35:25.683301Z INFO bluetoothd[970]: ScanIntervalDiscovery=36(36)
2022-12-04T18:35:25.683305Z INFO bluetoothd[970]: ScanWindowDiscovery=18(18)
2022-12-04T18:35:25.683309Z INFO bluetoothd[970]: ScanIntervalAdvMonitor=40(40)
2022-12-04T18:35:25.683314Z INFO bluetoothd[970]: ScanWindowAdvMonitor=20(20)
2022-12-04T18:35:25.683322Z INFO bluetoothd[970]: MinConnectionInterval=6(6)
2022-12-04T18:35:25.683327Z INFO bluetoothd[970]: MaxConnectionInterval=16(16)
2022-12-04T18:35:25.683333Z INFO bluetoothd[970]: ConnectionSupervisionTimeout=200(200)
2022-12-04T18:35:25.683338Z INFO bluetoothd[970]: Autoconnecttimeout=5000(5000)
2022-12-04T18:35:25.683345Z INFO bluetoothd[970]: EnableAdvMonInterleaveScan=1(1)
2022-12-04T18:35:25.691462Z INFO bluetoothd[970]: Starting SDP server
2022-12-04T18:35:25.693199Z INFO tpm_managerd[997]: Starting TPM Manager...
2022-12-04T18:35:25.700339Z WARNING bluetoothd[970]: Unable to read debug levels from file
2022-12-04T18:35:25.702344Z WARNING tpm_managerd[997]: TSS: Failed unix connect: /run/tcsd/tcsd.socket - No such file or directory
2022-12-04T18:35:25.702770Z WARNING tpm_managerd[997]: TSS: Got a list of valid IPs
2022-12-04T18:35:25.702951Z WARNING tpm_managerd[997]: TSS: Could not connect to machine: localhost
2022-12-04T18:35:25.703014Z ERR tpm_managerd[997]: TSS: Could not connect to any machine in the list.
2022-12-04T18:35:25.703045Z ERR tpm_managerd[997]: TSS: Failed to send packet
2022-12-04T18:35:25.705206Z INFO bluetoothd[970]: Bluetooth management interface 1.18 initialized
2022-12-04T18:35:25.718022Z INFO kernel: [ 3.860940] NET: Registered protocol family 38
2022-12-04T18:35:25.740017Z INFO kernel: [ 3.880552] sda: sda1 sda2 sda3 sda4 sda5 sda6 sda7 sda8 sda9 sda10 sda11 sda12
2022-12-04T18:35:25.740030Z NOTICE kernel: [ 3.882774] sd 2:0:0:0: [sda] Attached SCSI removable disk
2022-12-04T18:35:25.750987Z INFO homedirs_initializer[1050]: Restoring SELinux contexts for: /home/.shadow, recursive=true
2022-12-04T18:35:25.759627Z NOTICE swap[1064]: setting zram size to 11958282 Kb
2022-12-04T18:35:25.764010Z ERR homedirs_initializer[1050]: Creating new salt at /home/.shadow/salt (0)
2022-12-04T18:35:25.790018Z INFO kernel: [ 3.932891] zram0: detected capacity change from 0 to 11958284288
2022-12-04T18:35:25.801749Z INFO chapsd[1059]: Starting PKCS #11 services.
2022-12-04T18:35:25.802071Z INFO chapsd[1059]: Starting D-Bus dispatcher.
2022-12-04T18:35:25.803188Z WARNING tpm_managerd[997]: TSS: Failed unix connect: /run/tcsd/tcsd.socket - No such file or directory
2022-12-04T18:35:25.803243Z WARNING tpm_managerd[997]: TSS: Got a list of valid IPs
2022-12-04T18:35:25.803255Z WARNING tpm_managerd[997]: TSS: Could not connect to machine: localhost
2022-12-04T18:35:25.803263Z ERR tpm_managerd[997]: TSS: Could not connect to any machine in the list.
2022-12-04T18:35:25.803265Z ERR tpm_managerd[997]: TSS: Failed to send packet
2022-12-04T18:35:25.806601Z INFO chapsd[1059]: Adding slot: 0
2022-12-04T18:35:25.806615Z INFO chapsd[1059]: Adding slot: 1
2022-12-04T18:35:25.807564Z INFO bluetoothd[970]: Battery Provider Manager created
2022-12-04T18:35:25.807980Z INFO bluetoothd[970]: Admin Policy Set interface registered
2022-12-04T18:35:25.807990Z INFO bluetoothd[970]: Admin Policy Status interface registered
2022-12-04T18:35:25.808351Z INFO bluetoothd[970]: Adv Monitor Manager created with supported features:0x00000000, enabled features:0x00000000, max number of supported monitors:32, max number of supported patterns:16
2022-12-04T18:35:25.809692Z INFO chapsd[1059]: OnSignalConnected: Connected dbus signal successfully.
2022-12-04T18:35:25.816157Z INFO bluetoothd[970]: adapter /org/bluez/hci0 has been enabled
2022-12-04T18:35:25.824019Z INFO kernel: [ 3.966507] Adding 11678008k swap on /dev/zram0. Priority:-2 extents:1 across:11678008k SS
2022-12-04T18:35:25.830380Z WARNING powerd[1088]: libminijail[1088]: SECURE_NOROOT not set, not dropping bounding set
2022-12-04T18:35:25.878654Z NOTICE boot-update-firmware[1149]: Update fwupd firmware.
2022-12-04T18:35:25.881840Z ERR shill[1015]: ERROR shill: [object_proxy.cc(642)] Failed to call method: org.chromium.PatchPanel.GetTrafficCounters: object_path= /org/chromium/PatchPanel: org.freedesktop.DBus.Error.ServiceUnknown: The name org.chromium.PatchPanel was not provided by any .service files
2022-12-04T18:35:25.881851Z ERR shill[1015]: ERROR shill: [client.cc(74)] Failed to send TrafficCountersRequest message to patchpanel service
2022-12-04T18:35:25.883186Z INFO attestationd[1154]: Attestation Daemon Started.
2022-12-04T18:35:25.885189Z INFO attestationd[1154]: Attestation service started.
2022-12-04T18:35:25.887933Z INFO attestationd[1154]: OnSignalConnected: Connected dbus signal successfully.
2022-12-04T18:35:25.888157Z WARNING attestationd[1154]: TSS: Failed unix connect: /run/tcsd/tcsd.socket - No such file or directory
2022-12-04T18:35:25.888253Z WARNING attestationd[1154]: TSS: Got a list of valid IPs
